
################################################################################
#
#  Tensile v4.47.0
#  Config: 
/home/iamthecage/rocm-libraries/shared/tensile/next-tuning/gfx1201_sgemm_valu.ya
ml
#  Date & Time: 13/04/2026 22:35:29
#
################################################################################

# Restoring default globalParameters
# Found HIP version: 7.2.53211-e1a6bc5663
# Detected GPU 0:    gfx1201
> UserWarning: HardwareMonitor currently disabled for gfx942, gfx950, gfx1100, 
gfx1101, gfx1102, gfx1103, gfx1150, gfx1151, gfx1152, gfx1153, gfx1200, gfx1201

Overriding CxxCompiler=amdclang++
Overriding PrebuiltClient=/home/iamthecage/rocm-libraries/shared/tensile/next-cmake/build/tensile-client

################################################################################
# Converting Config to BenchmarkProcess Object
################################################################################

# Filling in Parameters With Defaults
# Convert Parameters to Benchmark Step(s)
# Benchmark Final
# NumBenchmarkSteps: 1

################################################################################
# Done Creating BenchmarkProcess Object
################################################################################


################################################################################
# Benchmark Step: Cijk_Ailk_Bljk_SB_00 - 00_Final 9.972s
# Num Sizes: 1
# Fork Parameters:
# Using cached solution data
+ ERR=0
+ /home/iamthecage/rocm-libraries/shared/tensile/next-cmake/build/tensile-client --config-file /home/iamthecage/rocm-libraries/shared/tensile/next-tuning/output_valu/1_BenchmarkProblems/Cijk_Ailk_Bljk_SB_00/00_Final/build/../source/ClientParameters.ini
loading config file /home/iamthecage/rocm-libraries/shared/tensile/next-tuning/output_valu/1_BenchmarkProblems/Cijk_Ailk_Bljk_SB_00/00_Final/build/../source/ClientParameters.ini
Loading /home/iamthecage/rocm-libraries/shared/tensile/next-tuning/output_valu/1_BenchmarkProblems/Cijk_Ailk_Bljk_SB_00/00_Final/source/library/Cijk_Ailk_Bljk_SB_MT64x64x8_SN_K1_gfx1201.co
Log level: Debug
Exception occurred: Error 700(hipErrorIllegalAddress) /home/iamthecage/rocm-libraries/shared/tensile/Tensile/Source/client/source/ReferenceValidator.cpp:512: 
hipStreamSynchronize(m_stream)
an illegal memory access was encountered

run,problem-progress,solution-progress,operation,problem-sizes,solution,validation,time-us,gflops,empty,total-gran,tiles-per-cu,num-cus,tile0-gran,tile1-gran,cu-gran,wave-gran,mem-read-bytes,mem-write-bytes,temp-edge,clock-sys,clock-soc,clock-mem,fan-rpm,hardware-samples,gfx-frequency(median),power(median),hotspot-temperature(median),enqueue-time
0,0/0,0/0,Contraction_l_Ailk_Bljk_Cijk_Dijk,"(128,128,1,128)",Cijk_Ailk_Bljk_SB_MT64x64x8_SN_K1,INVALID,-nan,-nan,,0.125,0.125,32,1,1,0.125,1,327680,65536,,,,,,,,,,
+ [[ 0 -ne 0 ]]
+ exit 0
################################################################################
# Cijk_Ailk_Bljk_SB_00
# 00_Final: End - 10.060s
################################################################################

clientExit=0 (PASS) for ['/home/iamthecage/rocm-libraries/shared/tensile/next-tuning/gfx1201_sgemm_valu.yaml']


################################################################################
# Analysing data in 2_BenchmarkData - 10.061s
################################################################################

# Analyzing: Cijk_Ailk_Bljk_SB
# Read: 
/home/iamthecage/rocm-libraries/shared/tensile/next-tuning/output_valu/2_Benchma
rkData/Cijk_Ailk_Bljk_SB_00.yaml
# Merging Solutions:
                                                     # LogicAnalyzer .............................. 100.0%# NumProblemSizes: [0, 0, 0, 0, 0, 0, 0, 0]
reading datafile /home/iamthecage/rocm-libraries/shared/tensile/next-tuning/output_valu/2_BenchmarkData/Cijk_Ailk_Bljk_SB_00.csv
# ExactWinners: {}
problemIndicesForGlobalRange []
Winners set()

[] > UserWarning: [] MultiProblem & NotLastIndex :: nextRule==None; returning

# Score: 0 ms
# Exact Logic:

{}
################################################################################
# Finish Analysing data to 
/home/iamthecage/rocm-libraries/shared/tensile/next-tuning/output_valu in 
10.064s
################################################################################


