
################################################################################
#
#  Tensile v4.47.0
#  Config: /home/iamthecage/rocm-libraries/shared/tensile/next-tuning/gfx1201-tall/hgemm_valu_nn.yaml
#  Date & Time: 15/04/2026 18:56:29
#
################################################################################

# Restoring default globalParameters
# Found HIP version: 7.2.53211-e1a6bc5663
# Detected GPU 0:    gfx1201
> UserWarning: HardwareMonitor currently disabled for gfx942, gfx950, gfx1100, gfx1101, gfx1102, gfx1103, gfx1150, gfx1151, 
gfx1152, gfx1153, gfx1200, gfx1201
# Command-line override: CurrentISA
# Command-line override: PrintLevel

Overriding CurrentISA=(12, 0, 1)
Overriding PrintLevel=3
Overriding CxxCompiler=amdclang++
Overriding PrebuiltClient=/home/iamthecage/rocm-libraries/shared/tensile/next-cmake/build/tensile-client
ProblemTypeConfig: {'OperationType': 'GEMM', 'DataType': 'h', 'ComputeDataType': 's', 'DestDataType': 'h', 
'HighPrecisionAccumulate': True, 'TransposeA': False, 'TransposeB': False, 'UseBeta': True, 'Batched': True}

################################################################################
# Converting Config to BenchmarkProcess Object
################################################################################

# BenchmarkProcess beginning Cijk_Ailk_Bljk_HHS_BH

####################################################################
# Filling in Parameters With Defaults
####################################################################

Single Value Parameters:
    1LDSBuffer: 0
    AggressivePerfMode: 1
    AssertAIGreaterThanEqual: -1
    AssertAILessThanEqual: -1
    AssertAlphaValue: False
    AssertBetaValue: False
    AssertCEqualsD: False
    AssertFree0ElementMultiple: 1
    AssertFree1ElementMultiple: 1
    AssertMinApproxSize: -1
    AssertSizeEqual: {}
    AssertSizeGreaterThan: {}
    AssertSizeLessThan: {}
    AssertSizeMultiple: {}
    AssertStrideAEqual: {}
    AssertStrideBEqual: {}
    AssertStrideCEqual: {}
    AssertStrideDEqual: {}
    AssertSummationElementMultiple: 1
    AtomicAddC: False
    BufferLoad: True
    BufferStore: True
    CUMode: False
    CheckDimOverflow: 0
    CheckTensorDimAsserts: False
    ClusterLocalRead: False
    CustomKernelName: 
    DebugStreamK: 0
    DepthU: 8
    DepthULdsDivisor: 1
    DirectToLdsA: False
    DirectToLdsB: False
    DirectToVgprA: False
    DirectToVgprB: False
    DisableAtomicFail: 0
    DisableKernelPieces: 0
    DisableVgprOverlapping: False
    EdgeType: ShiftPtr
    ExpandPointerSwap: True
    ExtraLatencyForLR: 0
    ExtraMiLatencyLeft: 0
    ForceStoreSC1: Auto
    Fp16AltImpl: False
    Fp16AltImplRound: False
    FractionalLoad: 0
    GlobalLoadVectorWidthA: -1
    GlobalLoadVectorWidthB: -1
    GlobalRead2A: True
    GlobalRead2B: True
    GlobalReadCoalesceGroupA: True
    GlobalReadCoalesceGroupB: True
    GlobalReadCoalesceVectorA: True
    GlobalReadCoalesceVectorB: True
    GlobalReadPerMfma: 1
    GlobalReadVectorWidth: 2
    GlobalSplitU: 1
    GlobalSplitUAlgorithm: SingleBuffer
    GlobalSplitUAtomicAdd: False
    GlobalSplitUSummationAssignmentRoundRobin: True
    GlobalSplitUWorkGroupMappingRoundRobin: False
    GroupLoadStore: False
    InnerUnroll: 1
    InterleaveAlpha: 0
    KernelLanguage: Assembly
    LdcEqualsLdd: False
    LdsBlockSizePerPadA: -1
    LdsBlockSizePerPadB: -1
    LdsPadA: -1
    LdsPadB: -1
    LocalDotLayout: 1
    LocalRead2A: True
    LocalRead2B: True
    LocalReadVectorWidth: -1
    LocalWrite2A: True
    LocalWrite2B: True
    LocalWritePerMfma: -1
    LoopDoWhile: False
    LoopTail: True
    MACInstruction: FMA
    MIArchVgpr: False
    MacroTileShapeMax: 64
    MacroTileShapeMin: 1
    MagicDivAlg: 2
    MatrixInstruction: []
    MaxOccupancy: 40
    MaxVgprNumber: 256
    MemoryModifierFormat: 
    MinKForGSU: 256
    MinVgprNumber: 0
    NoReject: False
    NonTemporalA: 0
    NonTemporalB: 0
    NonTemporalC: 0
    NonTemporalD: 0
    NumElementsPerBatchStore: 0
    NumLoadsCoalescedA: 1
    NumLoadsCoalescedB: 1
    OptNoLoadLoop: 1
    OptPreLoopVmcnt: True
    PackBatchDims: 0
    PackFreeDims: 1
    PackGranularity: 2
    PackSummationDims: 0
    PerformanceSyncLocation: -1
    PerformanceWaitCount: -1
    PerformanceWaitLocation: -1
    PersistentKernel: 0
    PersistentKernelAlongBatch: False
    PrefetchAcrossPersistent: 0
    PrefetchAcrossPersistentMode: 0
    PrefetchGlobalRead: 1
    PrefetchLocalRead: 1
    PreloadKernelArguments: 0
    ReplacementKernel: False
    ScheduleGlobalRead: 1
    ScheduleIterAlg: 1
    ScheduleLocalWrite: 1
    SourceSwap: False
    StaggerU: 32
    StaggerUMapping: 0
    StaggerUStride: 256
    StoreCInUnroll: False
    StoreCInUnrollExact: False
    StoreCInUnrollInterval: 1
    StoreCInUnrollPostLoop: False
    StorePriorityOpt: False
    StoreRemapVectorWidth: 0
    StoreSyncOpt: 0
    StoreVectorWidth: -1
    StreamK: 0
    StreamKAtomic: 0
    StreamKXCCMapping: 0
    SuppressNoLoadLoop: False
    ThreadSeparateGlobalReadA: 0
    ThreadSeparateGlobalReadB: 0
    ThreadTile: [4, 4]
    TransposeLDS: 0
    UnrollIncIsDepthU: 0
    UnrollMajorLDSA: False
    UnrollMajorLDSB: False
    UnrollMemFence: False
    Use64bShadowLimit: 1
    UseInstOffsetForGRO: 0
    UseSgprForGRO: -1
    VectorAtomicWidth: -1
    VectorStore: -1
    VectorWidth: 2
    VectorWidthB: -1
    VgprForLocalReadPacking: False
    WaveSeparateGlobalReadA: 0
    WaveSeparateGlobalReadB: 0
    WavefrontSize: 32
    WorkGroup: [16, 16, 1]
    WorkGroupMapping: 8
    WorkGroupMappingType: B
Multi-Value Parameters:

####################################################################
# Convert Parameters to Benchmark Step(s)
####################################################################


####################################################################
# Benchmark Final
# Creating BenchmarkStep: 0 fork params and 1 sizes
# NumBenchmarkSteps: 1

################################################################################
# Done Creating BenchmarkProcess Object
################################################################################


################################################################################
# Benchmark Step: Cijk_Ailk_Bljk_HHS_BH_00 - 00_Final 9.982s
# Num Sizes: 1
# Fork Parameters:
# Enumerating Solutions
# Actual Solutions: 1 / 1 after SolutionStructs

#    (0:0) 
Cijk_Ailk_Bljk_HHS_BH_MT64x64x8_SN_1LDSB0_APM1_AAIGTEn1_AAILTEn1_AAV0_ABV0_ACED0_AF0EM1_AF1EM1_AMAS3_ASE_ASGT_ASLT_ASM_ASAE01_
ASBE01_ASCE01_ASDE01_ASEM1_AAC0_BL1_BS1_CUM0_CDO0_CTDA0_CLR0_DSK0_DRA0_DU8_DULD1_DTLA0_DTLB0_DTVA0_DTVB0_DAF0_DKP0_DVO0_ETSP_E
PS1_ELFLR0_EMLL0_FSSC10_F16AI0_F16AIR0_FL0_GLVWA2_GLVWB2_GR2A1_GR2B1_GRCGA1_GRCGB1_GRCVA1_GRCVB1_GRPM1_GRVW2_GSU1_GSUASB_GSUAA
0_GSUSARR1_GSUWGMRR0_GLS0_ISA1201_IU1_IA0_KLA_LEL0_LBSPPA0_LBSPPB0_LPA0_LPB2_LDL1_LR2A1_LR2B1_LRVW2_LW2A1_LW2B1_LWPMn1_LDW0_LT
1_FMA_MIAV0_MTSM64_MTSM1_MDA2_MI_MO40_MVN256_MMFSC_MKFGSU256_MVN0_NR0_NTA0_NTB0_NTC0_NTD0_NEPBS0_NLCA1_NLCB1_ONLL1_OPLV0_PBD0_
PFD1_PG2_PSD0_PSLn1_PWCn1_PWLn1_PK0_PKAB0_PAP0_PAPM0_PGR1_PLR1_PKA0_RK0_SGR1_SIA1_SLW1_SS0_SU32_SUM0_SUS256_SCIU0_SCIUE0_SCIUI
1_SCIUPL0_SPO0_SRVW0_SSO0_SVW4_SK0_SKA0_SKXCCM0_SNLL0_TSGRA0_TSGRB0_TT4_4_TLDS0_UIIDU0_UMLDSA0_UMLDSB0_UMF0_U64SL1_UIOFGRO0_US
FGROn1_VAW1_VSn1_VW2_VWB2_VFLRP0_WSGRA0_WSGRB0_WS32_WG16_16_1_WGM8_WGMTB
################################################################################
Finding unique solutions:   0%|          | 0/1 [00:00<?, ?it/s]Finding unique solutions: 100%|██████████| 1/1 [00:00<00:00, 8224.13it/s]
# Writing Kernels...
Generating kernels: 12 thread(s), 1 tasks:   0%|          | 0/1 [00:00<?, ?it/s]Generating kernels: 12 thread(s), 1 tasks: 100%|██████████| 1/1 [00:00<00:00, 1105.80it/s]
total vgpr count: 38

write_assemblyFilename /home/iamthecage/out_validate/hgemm_valu_nn/1_BenchmarkProblems/Cijk_Ailk_Bljk_HHS_BH_00/00_Final/source/build_tmp/SOURCE/assembly/Cijk_Ailk_Bljk_HHS_BH_MT64x64x8_SN_K1.s
Assemble command: /opt/rocm/bin/amdclang++ -x assembler -target amdgcn-amd-amdhsa -mcode-object-version=4 -mcpu=gfx1201 
-mno-wavefrontsize64 -c -o 
/home/iamthecage/out_validate/hgemm_valu_nn/1_BenchmarkProblems/Cijk_Ailk_Bljk_HHS_BH_00/00_Final/source/build_tmp/SOURCE/asse
mbly/Cijk_Ailk_Bljk_HHS_BH_MT64x64x8_SN_K1.o 
/home/iamthecage/out_validate/hgemm_valu_nn/1_BenchmarkProblems/Cijk_Ailk_Bljk_HHS_BH_00/00_Final/source/build_tmp/SOURCE/asse
mbly/Cijk_Ailk_Bljk_HHS_BH_MT64x64x8_SN_K1.s && 
b''
Single Code Object File: /opt/rocm/bin/amdclang++ -target amdgcn-amd-amdhsa -Xlinker --build-id -o 
/home/iamthecage/out_validate/hgemm_valu_nn/1_BenchmarkProblems/Cijk_Ailk_Bljk_HHS_BH_00/00_Final/source/build_tmp/SOURCE/asse
mbly/Cijk_Ailk_Bljk_HHS_BH_MT64x64x8_SN_K1.co 
/home/iamthecage/out_validate/hgemm_valu_nn/1_BenchmarkProblems/Cijk_Ailk_Bljk_HHS_BH_00/00_Final/source/build_tmp/SOURCE/asse
mbly/Cijk_Ailk_Bljk_HHS_BH_MT64x64x8_SN_K1.o
b''
Filtering processing errors: 0it [00:00, ?it/s]Filtering processing errors: 1it [00:00, 69905.07it/s]
> UserWarning: Kernel file context manager opened without any kernel files.
Compiling source kernels: 0it [00:00, ?it/s]Compiling source kernels: 0it [00:00, ?it/s]
Relocating code objects: 0it [00:00, ?it/s]Relocating code objects: 1it [00:00, 15196.75it/s]
> UserWarning: Code object files are not compressed in `--no-merge-files` build mode.
# Kernel Building elapsed time = 1.1 secs
# Actual Solutions: 1 / 1 after KernelWriter

+ ERR=0
+ /home/iamthecage/rocm-libraries/shared/tensile/next-cmake/build/tensile-client --config-file /home/iamthecage/out_validate/hgemm_valu_nn/1_BenchmarkProblems/Cijk_Ailk_Bljk_HHS_BH_00/00_Final/build/../source/ClientParameters.ini
loading config file /home/iamthecage/out_validate/hgemm_valu_nn/1_BenchmarkProblems/Cijk_Ailk_Bljk_HHS_BH_00/00_Final/build/../source/ClientParameters.ini
Loading /home/iamthecage/out_validate/hgemm_valu_nn/1_BenchmarkProblems/Cijk_Ailk_Bljk_HHS_BH_00/00_Final/source/library/Cijk_Ailk_Bljk_HHS_BH_MT64x64x8_SN_K1_gfx1201.co
Log level: Debug
run,problem-progress,solution-progress,operation,problem-sizes,solution,validation,time-us,gflops,empty,total-gran,tiles-per-cu,num-cus,tile0-gran,tile1-gran,cu-gran,wave-gran,mem-read-bytes,mem-write-bytes,temp-edge,clock-sys,clock-soc,clock-mem,fan-rpm,hardware-samples,gfx-frequency(median),power(median),hotspot-temperature(median),enqueue-time
0,0/0,0/0,Contraction_l_Ailk_Bljk_Cijk_Dijk,"(64,64,1,16)",Cijk_Ailk_Bljk_HHS_BH_MT64x64x8_SN_K1,PASSED,33.56,3.9056,,0.03125,0.03125,32,1,1,0.03125,1,12288,8192,,,,,,,,,,2026-04-15 18:56:39.
+ [[ 0 -ne 0 ]]
+ exit 0
################################################################################
# Cijk_Ailk_Bljk_HHS_BH_00
# 00_Final: End - 11.116s
################################################################################

clientExit=0 (PASS) for ['/home/iamthecage/rocm-libraries/shared/tensile/next-tuning/gfx1201-tall/hgemm_valu_nn.yaml']

# LibraryLogic config: {'ScheduleName': 'navi48', 'DeviceNames': ['Device 7550'], 'ArchitectureName': 'gfx1201'}
# DefaultAnalysisParameters: 

################################################################################
# Analysing data in 2_BenchmarkData - 11.117s
#   ScheduleName: navi48
#   DeviceNames: ['Device 7550']
#   ArchitectureName: gfx1201
#   SolutionImportanceMin: 0.01
################################################################################

################################################################################
# Analyzing: Cijk_Ailk_Bljk_HHS_BH
# Read: /home/iamthecage/out_validate/hgemm_valu_nn/2_BenchmarkData/Cijk_Ailk_Bljk_HHS_BH_00.yaml
# ProblemSizes: ProblemSizes

# Solutions:
#  (0) Cijk_Ailk_Bljk_HHS_BH_MT64x64x8_SN_K1
################################################################################
# Merging Solutions:
                                                     # LogicAnalyzer .............................. 100.0%UnifiedProblemSizes: [[], [], [], [], [], [], [], []]
ExactProblemSizes: {(64, 64, 1, 16, 64, 64, 64, 16)}
RangeProblemSizes: {(64, 64, 1, 16, 64, 64, 64, 16)}
# NumProblemSizes: [0, 0, 0, 0, 0, 0, 0, 0]
TotalProblems: 0
TotalSolutions: 1
TotalSize: 0
IndexOrder: [2, 3, 0, 1]
reading datafile /home/iamthecage/out_validate/hgemm_valu_nn/2_BenchmarkData/Cijk_Ailk_Bljk_HHS_BH_00.csv
# ExactWinners: {(64, 64, 1, 16, 64, 64, 64, 16): [0, 3.9056]}
problemIndicesForGlobalRange []
Winners {0}
After Removals:

( 0) Cijk_Ailk_Bljk_HHS_BH_MT64x64x8_SN_K1 : 
Cijk_Ailk_Bljk_HHS_BH_MT64x64x8_SN_1LDSB0_APM1_AAIGTEn1_AAILTEn1_AAV0_ABV0_ACED0_AF0EM1_AF1EM1_AMAS3_ASE_ASGT_ASLT_ASM_ASAE01_
ASBE01_ASCE01_ASDE01_ASEM1_AAC0_BL1_BS1_CUM0_CDO0_CTDA0_CLR0_DSK0_DRA0_DU8_DULD1_DTLA0_DTLB0_DTVA0_DTVB0_DAF0_DKP0_DVO0_ETSP_E
PS1_ELFLR0_EMLL0_FSSC10_F16AI0_F16AIR0_FL0_GLVWA2_GLVWB2_GR2A1_GR2B1_GRCGA1_GRCGB1_GRCVA1_GRCVB1_GRPM1_GRVW2_GSU1_GSUASB_GSUAA
0_GSUSARR1_GSUWGMRR0_GLS0_ISA1201_IU1_IA0_KLA_LEL0_LBSPPA0_LBSPPB0_LPA0_LPB2_LDL1_LR2A1_LR2B1_LRVW2_LW2A1_LW2B1_LWPMn1_LDW0_LT
1_FMA_MIAV0_MTSM64_MTSM1_MDA2_MI_MO40_MVN256_MMFSC_MKFGSU256_MVN0_NR0_NTA0_NTB0_NTC0_NTD0_NEPBS0_NLCA1_NLCB1_ONLL1_OPLV0_PBD0_
PFD1_PG2_PSD0_PSLn1_PWCn1_PWLn1_PK0_PKAB0_PAP0_PAPM0_PGR1_PLR1_PKA0_RK0_SGR1_SIA1_SLW1_SS0_SU32_SUM0_SUS256_SCIU0_SCIUE0_SCIUI
1_SCIUPL0_SPO0_SRVW0_SSO0_SVW4_SK0_SKA0_SKXCCM0_SNLL0_TSGRA0_TSGRB0_TT4_4_TLDS0_UIIDU0_UMLDSA0_UMLDSB0_UMF0_U64SL1_UIOFGRO0_US
FGROn1_VAW1_VSn1_VW2_VWB2_VFLRP0_WSGRA0_WSGRB0_WS32_WG16_16_1_WGM8_WGMTB
[] enRule([[0, 0], [0, 0], [0, 0], [0, 0], [0, 0], [0, 0], [0, 0], [0, 0]])
[] MultiProblem & NotLastIndex
> UserWarning: [] MultiProblem & NotLastIndex :: nextRule==None; returning
# Final Range Logic:
None
# Range Logic Complexity: [0, 0, 0, 0, 0, 0, 0, 0]

# Score: 0 ms
# Exact Logic:

{(64, 64, 1, 16, 64, 64, 64, 16): [0, 3.9056]}
# writing library logic YAML /home/iamthecage/out_validate/hgemm_valu_nn/3_LibraryLogic/navi48_Cijk_Ailk_Bljk_HHS_BH.yaml
################################################################################
# Finish Analysing data to /home/iamthecage/out_validate/hgemm_valu_nn in 11.133s
################################################################################


