
################################################################################
#
#  Tensile v4.47.0
#  Config: /home/iamthecage/rocm-libraries/shared/tensile/next-tuning/gfx1201-wide-v2/hgemm_wmma_native_tn.yaml
#  Date & Time: 18/04/2026 11:29:17
#
################################################################################

# Restoring default globalParameters
# Found HIP version: 7.2.53211-e1a6bc5663
# Detected GPU 0:    gfx1201
> UserWarning: HardwareMonitor currently disabled for gfx942, gfx950, gfx1100, gfx1101, gfx1102, gfx1103, gfx1150, gfx1151, gfx1152, gfx1153, gfx1200, 
gfx1201
# Command-line override: CurrentISA
# Command-line override: PrintLevel

Overriding CurrentISA=(12, 0, 1)
Overriding PrintLevel=3
Overriding CxxCompiler=amdclang++
Overriding PrebuiltClient=/home/iamthecage/rocm-libraries/shared/tensile/next-cmake/build/tensile-client
ProblemTypeConfig: {'OperationType': 'GEMM', 'DataType': 'h', 'ComputeDataType': 'h', 'DestDataType': 'h', 'HighPrecisionAccumulate': False, 
'TransposeA': True, 'TransposeB': False, 'UseBeta': True, 'Batched': True}

################################################################################
# Converting Config to BenchmarkProcess Object
################################################################################

# BenchmarkProcess beginning Cijk_Alik_Bljk_HB

####################################################################
# Filling in Parameters With Defaults
####################################################################

Single Value Parameters:
    1LDSBuffer: 0
    AggressivePerfMode: 1
    AssertAIGreaterThanEqual: -1
    AssertAILessThanEqual: -1
    AssertAlphaValue: False
    AssertBetaValue: False
    AssertCEqualsD: False
    AssertFree0ElementMultiple: 1
    AssertFree1ElementMultiple: 1
    AssertMinApproxSize: -1
    AssertSizeEqual: {}
    AssertSizeGreaterThan: {}
    AssertSizeLessThan: {}
    AssertSizeMultiple: {}
    AssertStrideAEqual: {}
    AssertStrideBEqual: {}
    AssertStrideCEqual: {}
    AssertStrideDEqual: {}
    AssertSummationElementMultiple: 1
    AtomicAddC: False
    BufferLoad: True
    BufferStore: True
    CUMode: False
    CheckDimOverflow: 0
    CheckTensorDimAsserts: False
    ClusterLocalRead: False
    CustomKernelName: 
    DebugStreamK: 0
    DepthU: 16
    DepthULdsDivisor: 1
    DirectToLdsA: False
    DirectToLdsB: False
    DirectToVgprA: False
    DirectToVgprB: False
    DisableAtomicFail: 0
    DisableKernelPieces: 0
    DisableVgprOverlapping: False
    EdgeType: ShiftPtr
    ExpandPointerSwap: True
    ExtraLatencyForLR: 0
    ExtraMiLatencyLeft: 0
    ForceStoreSC1: Auto
    Fp16AltImpl: False
    Fp16AltImplRound: False
    FractionalLoad: 0
    GlobalLoadVectorWidthA: -1
    GlobalLoadVectorWidthB: -1
    GlobalRead2A: True
    GlobalRead2B: True
    GlobalReadCoalesceGroupA: True
    GlobalReadCoalesceGroupB: True
    GlobalReadCoalesceVectorA: True
    GlobalReadCoalesceVectorB: True
    GlobalReadPerMfma: 1
    GlobalReadVectorWidth: 4
    GlobalSplitU: 1
    GlobalSplitUAlgorithm: SingleBuffer
    GlobalSplitUAtomicAdd: False
    GlobalSplitUSummationAssignmentRoundRobin: True
    GlobalSplitUWorkGroupMappingRoundRobin: False
    GroupLoadStore: False
    InnerUnroll: 1
    InterleaveAlpha: 0
    KernelLanguage: Assembly
    LdcEqualsLdd: False
    LdsBlockSizePerPadA: -1
    LdsBlockSizePerPadB: -1
    LdsPadA: -1
    LdsPadB: -1
    LocalDotLayout: 1
    LocalRead2A: True
    LocalRead2B: True
    LocalReadVectorWidth: -1
    LocalWrite2A: True
    LocalWrite2B: True
    LocalWritePerMfma: -1
    LoopDoWhile: False
    LoopTail: True
    MACInstruction: FMA
    MIArchVgpr: True
    MacroTileShapeMax: 64
    MacroTileShapeMin: 1
    MagicDivAlg: 2
    MaxOccupancy: 40
    MaxVgprNumber: 256
    MemoryModifierFormat: 
    MinKForGSU: 256
    MinVgprNumber: 0
    NoReject: False
    NonTemporalA: 0
    NonTemporalB: 0
    NonTemporalC: 0
    NonTemporalD: 0
    NumElementsPerBatchStore: 0
    NumLoadsCoalescedA: 1
    NumLoadsCoalescedB: 1
    OptNoLoadLoop: 0
    OptPreLoopVmcnt: True
    PackBatchDims: 0
    PackFreeDims: 1
    PackGranularity: 2
    PackSummationDims: 0
    PerformanceSyncLocation: -1
    PerformanceWaitCount: -1
    PerformanceWaitLocation: -1
    PersistentKernel: 0
    PersistentKernelAlongBatch: False
    PrefetchAcrossPersistent: 0
    PrefetchAcrossPersistentMode: 0
    PrefetchGlobalRead: 0
    PrefetchLocalRead: 0
    PreloadKernelArguments: 0
    ReplacementKernel: False
    ScheduleGlobalRead: 0
    ScheduleIterAlg: 0
    ScheduleLocalWrite: 0
    StaggerUMapping: 0
    StaggerUStride: 256
    StoreCInUnroll: False
    StoreCInUnrollExact: False
    StoreCInUnrollInterval: 1
    StoreCInUnrollPostLoop: False
    StorePriorityOpt: False
    StoreRemapVectorWidth: 0
    StoreSyncOpt: 0
    StoreVectorWidth: -1
    StreamK: 0
    StreamKAtomic: 0
    StreamKXCCMapping: 0
    SuppressNoLoadLoop: False
    ThreadSeparateGlobalReadA: 0
    ThreadSeparateGlobalReadB: 0
    ThreadTile: [4, 4]
    TransposeLDS: 0
    UnrollIncIsDepthU: 0
    UnrollMajorLDSA: False
    UnrollMajorLDSB: False
    UnrollMemFence: False
    Use64bShadowLimit: 1
    UseInstOffsetForGRO: 0
    UseSgprForGRO: -1
    VectorAtomicWidth: -1
    VectorStore: -1
    VectorWidth: 1
    VectorWidthB: -1
    VgprForLocalReadPacking: False
    WavefrontSize: 32
    WorkGroup: [32, 1, 1]
    WorkGroupMapping: 8
    WorkGroupMappingType: B
Multi-Value Parameters:
    MatrixInstruction: [[16, 16, 16, 1, 1, 2, 2, 1, 1], [16, 16, 16, 1, 1, 4, 4, 1, 1], [16, 16, 16, 1, 1, 4, 8, 1, 1], [16, 16, 16, 1, 1, 8, 4, 1, 1]]
    SourceSwap: [0, 1]
    StaggerU: [0, 16]
    WaveSeparateGlobalReadA: [0, 1]
    WaveSeparateGlobalReadB: [0, 1]

####################################################################
# Convert Parameters to Benchmark Step(s)
####################################################################


####################################################################
# Benchmark Final
# Creating BenchmarkStep: 5 fork params and 448 sizes
# NumBenchmarkSteps: 1

################################################################################
# Done Creating BenchmarkProcess Object
################################################################################


################################################################################
# Benchmark Step: Cijk_Alik_Bljk_HB_00 - 00_Final 9.362s
# Num Sizes: 448
# Fork Parameters:
#     MatrixInstruction: [[16, 16, 16, 1, 1, 2, 2, 1, 1], [16, 16, 16, 1, 1, 4, 4, 1, 1], [16, 16, 16, 1, 1, 4, 8, 1, 1], [16, 16, 16, 1, 1, 8, 4, 1, 1]]
#     SourceSwap: [0, 1]
#     StaggerU: [0, 16]
#     WaveSeparateGlobalReadA: [0, 1]
#     WaveSeparateGlobalReadB: [0, 1]
# Enumerating Solutions

reject: WMMA V2 (gfx12+) non-HPA half/bf16 accumulation is not supported: packed f16 accumulators cause numVgprPerValuC=0 in the store path. Use HighPrecisionAccumulate: True for f32 accumulation.
rejecting solution 
Cijk_Alik_Bljk_HB_MT32x32x16_MI16x16x16x1_SN_1LDSB0_APM1_AAIGTEn1_AAILTEn1_AAV0_ABV0_ACED0_AF0EM1_AF1EM1_AMASn1_ASE_ASGT_ASLT_ASM_ASAE_ASBE_ASCE_ASDE_ASE
M1_AAC0_BL1_BS1_CUM0_CDO0_CTDA0_CLR0_DSK0_DRA0_DU16_DULD1_DTLA0_DTLB0_DTVA0_DTVB0_DAF0_DKP0_DVO0_ETSP_EPS1_ELFLR0_EMLL0_FSSC10_F16AI0_F16AIR0_FL0_GLVWAn1
_GLVWBn1_GR2A1_GR2B1_GRCGA1_GRCGB1_GRCVA1_GRCVB1_GRPM1_GRVW4_GSU1_GSUASB_GSUAA0_GSUSARR1_GSUWGMRR0_GLS0_ISA1201_IU1_IA0_KLA_LEL0_LBSPPAn1_LBSPPBn1_LPAn1_
LPBn1_LDL1_LR2A1_LR2B1_LRVWn1_LW2A1_LW2B1_LWPMn1_LDW0_LT1_FMA_MIAV1_MTSM64_MTSM1_MDA2_MI16_16_16_1_MO40_MVN256_MMFSC_MKFGSU256_MVN0_NR0_NTA0_NTB0_NTC0_NT
D0_NEPBS0_NLCA1_NLCB1_ONLL0_OPLV1_PBD0_PFD1_PG2_PSD0_PSLn1_PWCn1_PWLn1_PK0_PKAB0_PAP0_PAPM0_PGR0_PLR0_PKA0_RK0_SGR0_SIA0_SLW0_SS0_SU0_SUM0_SUS256_SCIU0_S
CIUE0_SCIUI1_SCIUPL0_SPO0_SRVW0_SSO0_SVWn1_SK0_SKA0_SKXCCM0_SNLL0_TSGRA0_TSGRB0_TT2_32_TLDS0_UIIDU0_UMLDSA0_UMLDSB0_UMF0_U64SL1_UIOFGRO0_USFGROn1_VAWn1_V
Sn1_VW1_VWBn1_VFLRP0_WSGRA0_WSGRB0_WS32_WG16_2_1_WGM8_WGMTB

reject: WMMA V2 (gfx12+) non-HPA half/bf16 accumulation is not supported: packed f16 accumulators cause numVgprPerValuC=0 in the store path. Use HighPrecisionAccumulate: True for f32 accumulation.
rejecting solution 
Cijk_Alik_Bljk_HB_MT32x32x16_MI16x16x16x1_SN_1LDSB0_APM1_AAIGTEn1_AAILTEn1_AAV0_ABV0_ACED0_AF0EM1_AF1EM1_AMASn1_ASE_ASGT_ASLT_ASM_ASAE_ASBE_ASCE_ASDE_ASE
M1_AAC0_BL1_BS1_CUM0_CDO0_CTDA0_CLR0_DSK0_DRA0_DU16_DULD1_DTLA0_DTLB0_DTVA0_DTVB0_DAF0_DKP0_DVO0_ETSP_EPS1_ELFLR0_EMLL0_FSSC10_F16AI0_F16AIR0_FL0_GLVWAn1
_GLVWBn1_GR2A1_GR2B1_GRCGA1_GRCGB1_GRCVA1_GRCVB1_GRPM1_GRVW4_GSU1_GSUASB_GSUAA0_GSUSARR1_GSUWGMRR0_GLS0_ISA1201_IU1_IA0_KLA_LEL0_LBSPPAn1_LBSPPBn1_LPAn1_
LPBn1_LDL1_LR2A1_LR2B1_LRVWn1_LW2A1_LW2B1_LWPMn1_LDW0_LT1_FMA_MIAV1_MTSM64_MTSM1_MDA2_MI16_16_16_1_MO40_MVN256_MMFSC_MKFGSU256_MVN0_NR0_NTA0_NTB0_NTC0_NT
D0_NEPBS0_NLCA1_NLCB1_ONLL0_OPLV1_PBD0_PFD1_PG2_PSD0_PSLn1_PWCn1_PWLn1_PK0_PKAB0_PAP0_PAPM0_PGR0_PLR0_PKA0_RK0_SGR0_SIA0_SLW0_SS0_SU0_SUM0_SUS256_SCIU0_S
CIUE0_SCIUI1_SCIUPL0_SPO0_SRVW0_SSO0_SVWn1_SK0_SKA0_SKXCCM0_SNLL0_TSGRA0_TSGRB0_TT2_32_TLDS0_UIIDU0_UMLDSA0_UMLDSB0_UMF0_U64SL1_UIOFGRO0_USFGROn1_VAWn1_V
Sn1_VW1_VWBn1_VFLRP0_WSGRA1_WSGRB0_WS32_WG16_2_1_WGM8_WGMTB

reject: WMMA V2 (gfx12+) non-HPA half/bf16 accumulation is not supported: packed f16 accumulators cause numVgprPerValuC=0 in the store path. Use HighPrecisionAccumulate: True for f32 accumulation.
rejecting solution 
Cijk_Alik_Bljk_HB_MT32x32x16_MI16x16x16x1_SN_1LDSB0_APM1_AAIGTEn1_AAILTEn1_AAV0_ABV0_ACED0_AF0EM1_AF1EM1_AMASn1_ASE_ASGT_ASLT_ASM_ASAE_ASBE_ASCE_ASDE_ASE
M1_AAC0_BL1_BS1_CUM0_CDO0_CTDA0_CLR0_DSK0_DRA0_DU16_DULD1_DTLA0_DTLB0_DTVA0_DTVB0_DAF0_DKP0_DVO0_ETSP_EPS1_ELFLR0_EMLL0_FSSC10_F16AI0_F16AIR0_FL0_GLVWAn1
_GLVWBn1_GR2A1_GR2B1_GRCGA1_GRCGB1_GRCVA1_GRCVB1_GRPM1_GRVW4_GSU1_GSUASB_GSUAA0_GSUSARR1_GSUWGMRR0_GLS0_ISA1201_IU1_IA0_KLA_LEL0_LBSPPAn1_LBSPPBn1_LPAn1_
LPBn1_LDL1_LR2A1_LR2B1_LRVWn1_LW2A1_LW2B1_LWPMn1_LDW0_LT1_FMA_MIAV1_MTSM64_MTSM1_MDA2_MI16_16_16_1_MO40_MVN256_MMFSC_MKFGSU256_MVN0_NR0_NTA0_NTB0_NTC0_NT
D0_NEPBS0_NLCA1_NLCB1_ONLL0_OPLV1_PBD0_PFD1_PG2_PSD0_PSLn1_PWCn1_PWLn1_PK0_PKAB0_PAP0_PAPM0_PGR0_PLR0_PKA0_RK0_SGR0_SIA0_SLW0_SS0_SU0_SUM0_SUS256_SCIU0_S
CIUE0_SCIUI1_SCIUPL0_SPO0_SRVW0_SSO0_SVWn1_SK0_SKA0_SKXCCM0_SNLL0_TSGRA0_TSGRB0_TT2_32_TLDS0_UIIDU0_UMLDSA0_UMLDSB0_UMF0_U64SL1_UIOFGRO0_USFGROn1_VAWn1_V
Sn1_VW1_VWBn1_VFLRP0_WSGRA0_WSGRB1_WS32_WG16_2_1_WGM8_WGMTB

reject: WMMA V2 (gfx12+) non-HPA half/bf16 accumulation is not supported: packed f16 accumulators cause numVgprPerValuC=0 in the store path. Use HighPrecisionAccumulate: True for f32 accumulation.
rejecting solution 
Cijk_Alik_Bljk_HB_MT32x32x16_MI16x16x16x1_SN_1LDSB0_APM1_AAIGTEn1_AAILTEn1_AAV0_ABV0_ACED0_AF0EM1_AF1EM1_AMASn1_ASE_ASGT_ASLT_ASM_ASAE_ASBE_ASCE_ASDE_ASE
M1_AAC0_BL1_BS1_CUM0_CDO0_CTDA0_CLR0_DSK0_DRA0_DU16_DULD1_DTLA0_DTLB0_DTVA0_DTVB0_DAF0_DKP0_DVO0_ETSP_EPS1_ELFLR0_EMLL0_FSSC10_F16AI0_F16AIR0_FL0_GLVWAn1
_GLVWBn1_GR2A1_GR2B1_GRCGA1_GRCGB1_GRCVA1_GRCVB1_GRPM1_GRVW4_GSU1_GSUASB_GSUAA0_GSUSARR1_GSUWGMRR0_GLS0_ISA1201_IU1_IA0_KLA_LEL0_LBSPPAn1_LBSPPBn1_LPAn1_
LPBn1_LDL1_LR2A1_LR2B1_LRVWn1_LW2A1_LW2B1_LWPMn1_LDW0_LT1_FMA_MIAV1_MTSM64_MTSM1_MDA2_MI16_16_16_1_MO40_MVN256_MMFSC_MKFGSU256_MVN0_NR0_NTA0_NTB0_NTC0_NT
D0_NEPBS0_NLCA1_NLCB1_ONLL0_OPLV1_PBD0_PFD1_PG2_PSD0_PSLn1_PWCn1_PWLn1_PK0_PKAB0_PAP0_PAPM0_PGR0_PLR0_PKA0_RK0_SGR0_SIA0_SLW0_SS0_SU0_SUM0_SUS256_SCIU0_S
CIUE0_SCIUI1_SCIUPL0_SPO0_SRVW0_SSO0_SVWn1_SK0_SKA0_SKXCCM0_SNLL0_TSGRA0_TSGRB0_TT2_32_TLDS0_UIIDU0_UMLDSA0_UMLDSB0_UMF0_U64SL1_UIOFGRO0_USFGROn1_VAWn1_V
Sn1_VW1_VWBn1_VFLRP0_WSGRA1_WSGRB1_WS32_WG16_2_1_WGM8_WGMTB

reject: WMMA V2 (gfx12+) non-HPA half/bf16 accumulation is not supported: packed f16 accumulators cause numVgprPerValuC=0 in the store path. Use HighPrecisionAccumulate: True for f32 accumulation.
rejecting solution 
Cijk_Alik_Bljk_HB_MT32x32x16_MI16x16x16x1_SN_1LDSB0_APM1_AAIGTEn1_AAILTEn1_AAV0_ABV0_ACED0_AF0EM1_AF1EM1_AMASn1_ASE_ASGT_ASLT_ASM_ASAE_ASBE_ASCE_ASDE_ASE
M1_AAC0_BL1_BS1_CUM0_CDO0_CTDA0_CLR0_DSK0_DRA0_DU16_DULD1_DTLA0_DTLB0_DTVA0_DTVB0_DAF0_DKP0_DVO0_ETSP_EPS1_ELFLR0_EMLL0_FSSC10_F16AI0_F16AIR0_FL0_GLVWAn1
_GLVWBn1_GR2A1_GR2B1_GRCGA1_GRCGB1_GRCVA1_GRCVB1_GRPM1_GRVW4_GSU1_GSUASB_GSUAA0_GSUSARR1_GSUWGMRR0_GLS0_ISA1201_IU1_IA0_KLA_LEL0_LBSPPAn1_LBSPPBn1_LPAn1_
LPBn1_LDL1_LR2A1_LR2B1_LRVWn1_LW2A1_LW2B1_LWPMn1_LDW0_LT1_FMA_MIAV1_MTSM64_MTSM1_MDA2_MI16_16_16_1_MO40_MVN256_MMFSC_MKFGSU256_MVN0_NR0_NTA0_NTB0_NTC0_NT
D0_NEPBS0_NLCA1_NLCB1_ONLL0_OPLV1_PBD0_PFD1_PG2_PSD0_PSLn1_PWCn1_PWLn1_PK0_PKAB0_PAP0_PAPM0_PGR0_PLR0_PKA0_RK0_SGR0_SIA0_SLW0_SS0_SU16_SUM0_SUS256_SCIU0_
SCIUE0_SCIUI1_SCIUPL0_SPO0_SRVW0_SSO0_SVWn1_SK0_SKA0_SKXCCM0_SNLL0_TSGRA0_TSGRB0_TT2_32_TLDS0_UIIDU0_UMLDSA0_UMLDSB0_UMF0_U64SL1_UIOFGRO0_USFGROn1_VAWn1_
VSn1_VW1_VWBn1_VFLRP0_WSGRA0_WSGRB0_WS32_WG16_2_1_WGM8_WGMTB

reject: WMMA V2 (gfx12+) non-HPA half/bf16 accumulation is not supported: packed f16 accumulators cause numVgprPerValuC=0 in the store path. Use HighPrecisionAccumulate: True for f32 accumulation.
rejecting solution 
Cijk_Alik_Bljk_HB_MT32x32x16_MI16x16x16x1_SN_1LDSB0_APM1_AAIGTEn1_AAILTEn1_AAV0_ABV0_ACED0_AF0EM1_AF1EM1_AMASn1_ASE_ASGT_ASLT_ASM_ASAE_ASBE_ASCE_ASDE_ASE
M1_AAC0_BL1_BS1_CUM0_CDO0_CTDA0_CLR0_DSK0_DRA0_DU16_DULD1_DTLA0_DTLB0_DTVA0_DTVB0_DAF0_DKP0_DVO0_ETSP_EPS1_ELFLR0_EMLL0_FSSC10_F16AI0_F16AIR0_FL0_GLVWAn1
_GLVWBn1_GR2A1_GR2B1_GRCGA1_GRCGB1_GRCVA1_GRCVB1_GRPM1_GRVW4_GSU1_GSUASB_GSUAA0_GSUSARR1_GSUWGMRR0_GLS0_ISA1201_IU1_IA0_KLA_LEL0_LBSPPAn1_LBSPPBn1_LPAn1_
LPBn1_LDL1_LR2A1_LR2B1_LRVWn1_LW2A1_LW2B1_LWPMn1_LDW0_LT1_FMA_MIAV1_MTSM64_MTSM1_MDA2_MI16_16_16_1_MO40_MVN256_MMFSC_MKFGSU256_MVN0_NR0_NTA0_NTB0_NTC0_NT
D0_NEPBS0_NLCA1_NLCB1_ONLL0_OPLV1_PBD0_PFD1_PG2_PSD0_PSLn1_PWCn1_PWLn1_PK0_PKAB0_PAP0_PAPM0_PGR0_PLR0_PKA0_RK0_SGR0_SIA0_SLW0_SS0_SU16_SUM0_SUS256_SCIU0_
SCIUE0_SCIUI1_SCIUPL0_SPO0_SRVW0_SSO0_SVWn1_SK0_SKA0_SKXCCM0_SNLL0_TSGRA0_TSGRB0_TT2_32_TLDS0_UIIDU0_UMLDSA0_UMLDSB0_UMF0_U64SL1_UIOFGRO0_USFGROn1_VAWn1_
VSn1_VW1_VWBn1_VFLRP0_WSGRA1_WSGRB0_WS32_WG16_2_1_WGM8_WGMTB

reject: WMMA V2 (gfx12+) non-HPA half/bf16 accumulation is not supported: packed f16 accumulators cause numVgprPerValuC=0 in the store path. Use HighPrecisionAccumulate: True for f32 accumulation.
rejecting solution 
Cijk_Alik_Bljk_HB_MT32x32x16_MI16x16x16x1_SN_1LDSB0_APM1_AAIGTEn1_AAILTEn1_AAV0_ABV0_ACED0_AF0EM1_AF1EM1_AMASn1_ASE_ASGT_ASLT_ASM_ASAE_ASBE_ASCE_ASDE_ASE
M1_AAC0_BL1_BS1_CUM0_CDO0_CTDA0_CLR0_DSK0_DRA0_DU16_DULD1_DTLA0_DTLB0_DTVA0_DTVB0_DAF0_DKP0_DVO0_ETSP_EPS1_ELFLR0_EMLL0_FSSC10_F16AI0_F16AIR0_FL0_GLVWAn1
_GLVWBn1_GR2A1_GR2B1_GRCGA1_GRCGB1_GRCVA1_GRCVB1_GRPM1_GRVW4_GSU1_GSUASB_GSUAA0_GSUSARR1_GSUWGMRR0_GLS0_ISA1201_IU1_IA0_KLA_LEL0_LBSPPAn1_LBSPPBn1_LPAn1_
LPBn1_LDL1_LR2A1_LR2B1_LRVWn1_LW2A1_LW2B1_LWPMn1_LDW0_LT1_FMA_MIAV1_MTSM64_MTSM1_MDA2_MI16_16_16_1_MO40_MVN256_MMFSC_MKFGSU256_MVN0_NR0_NTA0_NTB0_NTC0_NT
D0_NEPBS0_NLCA1_NLCB1_ONLL0_OPLV1_PBD0_PFD1_PG2_PSD0_PSLn1_PWCn1_PWLn1_PK0_PKAB0_PAP0_PAPM0_PGR0_PLR0_PKA0_RK0_SGR0_SIA0_SLW0_SS0_SU16_SUM0_SUS256_SCIU0_
SCIUE0_SCIUI1_SCIUPL0_SPO0_SRVW0_SSO0_SVWn1_SK0_SKA0_SKXCCM0_SNLL0_TSGRA0_TSGRB0_TT2_32_TLDS0_UIIDU0_UMLDSA0_UMLDSB0_UMF0_U64SL1_UIOFGRO0_USFGROn1_VAWn1_
VSn1_VW1_VWBn1_VFLRP0_WSGRA0_WSGRB1_WS32_WG16_2_1_WGM8_WGMTB

reject: WMMA V2 (gfx12+) non-HPA half/bf16 accumulation is not supported: packed f16 accumulators cause numVgprPerValuC=0 in the store path. Use HighPrecisionAccumulate: True for f32 accumulation.
rejecting solution 
Cijk_Alik_Bljk_HB_MT32x32x16_MI16x16x16x1_SN_1LDSB0_APM1_AAIGTEn1_AAILTEn1_AAV0_ABV0_ACED0_AF0EM1_AF1EM1_AMASn1_ASE_ASGT_ASLT_ASM_ASAE_ASBE_ASCE_ASDE_ASE
M1_AAC0_BL1_BS1_CUM0_CDO0_CTDA0_CLR0_DSK0_DRA0_DU16_DULD1_DTLA0_DTLB0_DTVA0_DTVB0_DAF0_DKP0_DVO0_ETSP_EPS1_ELFLR0_EMLL0_FSSC10_F16AI0_F16AIR0_FL0_GLVWAn1
_GLVWBn1_GR2A1_GR2B1_GRCGA1_GRCGB1_GRCVA1_GRCVB1_GRPM1_GRVW4_GSU1_GSUASB_GSUAA0_GSUSARR1_GSUWGMRR0_GLS0_ISA1201_IU1_IA0_KLA_LEL0_LBSPPAn1_LBSPPBn1_LPAn1_
LPBn1_LDL1_LR2A1_LR2B1_LRVWn1_LW2A1_LW2B1_LWPMn1_LDW0_LT1_FMA_MIAV1_MTSM64_MTSM1_MDA2_MI16_16_16_1_MO40_MVN256_MMFSC_MKFGSU256_MVN0_NR0_NTA0_NTB0_NTC0_NT
D0_NEPBS0_NLCA1_NLCB1_ONLL0_OPLV1_PBD0_PFD1_PG2_PSD0_PSLn1_PWCn1_PWLn1_PK0_PKAB0_PAP0_PAPM0_PGR0_PLR0_PKA0_RK0_SGR0_SIA0_SLW0_SS0_SU16_SUM0_SUS256_SCIU0_
SCIUE0_SCIUI1_SCIUPL0_SPO0_SRVW0_SSO0_SVWn1_SK0_SKA0_SKXCCM0_SNLL0_TSGRA0_TSGRB0_TT2_32_TLDS0_UIIDU0_UMLDSA0_UMLDSB0_UMF0_U64SL1_UIOFGRO0_USFGROn1_VAWn1_
VSn1_VW1_VWBn1_VFLRP0_WSGRA1_WSGRB1_WS32_WG16_2_1_WGM8_WGMTB

reject: WMMA V2 (gfx12+) non-HPA half/bf16 accumulation is not supported: packed f16 accumulators cause numVgprPerValuC=0 in the store path. Use HighPrecisionAccumulate: True for f32 accumulation.
rejecting solution 
Cijk_Alik_Bljk_HB_MT64x64x16_MI16x16x16x1_SN_1LDSB0_APM1_AAIGTEn1_AAILTEn1_AAV0_ABV0_ACED0_AF0EM1_AF1EM1_AMASn1_ASE_ASGT_ASLT_ASM_ASAE_ASBE_ASCE_ASDE_ASE
M1_AAC0_BL1_BS1_CUM0_CDO0_CTDA0_CLR0_DSK0_DRA0_DU16_DULD1_DTLA0_DTLB0_DTVA0_DTVB0_DAF0_DKP0_DVO0_ETSP_EPS1_ELFLR0_EMLL0_FSSC10_F16AI0_F16AIR0_FL0_GLVWAn1
_GLVWBn1_GR2A1_GR2B1_GRCGA1_GRCGB1_GRCVA1_GRCVB1_GRPM1_GRVW4_GSU1_GSUASB_GSUAA0_GSUSARR1_GSUWGMRR0_GLS0_ISA1201_IU1_IA0_KLA_LEL0_LBSPPAn1_LBSPPBn1_LPAn1_
LPBn1_LDL1_LR2A1_LR2B1_LRVWn1_LW2A1_LW2B1_LWPMn1_LDW0_LT1_FMA_MIAV1_MTSM64_MTSM1_MDA2_MI16_16_16_1_MO40_MVN256_MMFSC_MKFGSU256_MVN0_NR0_NTA0_NTB0_NTC0_NT
D0_NEPBS0_NLCA1_NLCB1_ONLL0_OPLV1_PBD0_PFD1_PG2_PSD0_PSLn1_PWCn1_PWLn1_PK0_PKAB0_PAP0_PAPM0_PGR0_PLR0_PKA0_RK0_SGR0_SIA0_SLW0_SS0_SU0_SUM0_SUS256_SCIU0_S
CIUE0_SCIUI1_SCIUPL0_SPO0_SRVW0_SSO0_SVWn1_SK0_SKA0_SKXCCM0_SNLL0_TSGRA0_TSGRB0_TT4_64_TLDS0_UIIDU0_UMLDSA0_UMLDSB0_UMF0_U64SL1_UIOFGRO0_USFGROn1_VAWn1_V
Sn1_VW1_VWBn1_VFLRP0_WSGRA0_WSGRB0_WS32_WG16_2_1_WGM8_WGMTB

reject: WMMA V2 (gfx12+) non-HPA half/bf16 accumulation is not supported: packed f16 accumulators cause numVgprPerValuC=0 in the store path. Use HighPrecisionAccumulate: True for f32 accumulation.
rejecting solution 
Cijk_Alik_Bljk_HB_MT64x64x16_MI16x16x16x1_SN_1LDSB0_APM1_AAIGTEn1_AAILTEn1_AAV0_ABV0_ACED0_AF0EM1_AF1EM1_AMASn1_ASE_ASGT_ASLT_ASM_ASAE_ASBE_ASCE_ASDE_ASE
M1_AAC0_BL1_BS1_CUM0_CDO0_CTDA0_CLR0_DSK0_DRA0_DU16_DULD1_DTLA0_DTLB0_DTVA0_DTVB0_DAF0_DKP0_DVO0_ETSP_EPS1_ELFLR0_EMLL0_FSSC10_F16AI0_F16AIR0_FL0_GLVWAn1
_GLVWBn1_GR2A1_GR2B1_GRCGA1_GRCGB1_GRCVA1_GRCVB1_GRPM1_GRVW4_GSU1_GSUASB_GSUAA0_GSUSARR1_GSUWGMRR0_GLS0_ISA1201_IU1_IA0_KLA_LEL0_LBSPPAn1_LBSPPBn1_LPAn1_
LPBn1_LDL1_LR2A1_LR2B1_LRVWn1_LW2A1_LW2B1_LWPMn1_LDW0_LT1_FMA_MIAV1_MTSM64_MTSM1_MDA2_MI16_16_16_1_MO40_MVN256_MMFSC_MKFGSU256_MVN0_NR0_NTA0_NTB0_NTC0_NT
D0_NEPBS0_NLCA1_NLCB1_ONLL0_OPLV1_PBD0_PFD1_PG2_PSD0_PSLn1_PWCn1_PWLn1_PK0_PKAB0_PAP0_PAPM0_PGR0_PLR0_PKA0_RK0_SGR0_SIA0_SLW0_SS0_SU0_SUM0_SUS256_SCIU0_S
CIUE0_SCIUI1_SCIUPL0_SPO0_SRVW0_SSO0_SVWn1_SK0_SKA0_SKXCCM0_SNLL0_TSGRA0_TSGRB0_TT4_64_TLDS0_UIIDU0_UMLDSA0_UMLDSB0_UMF0_U64SL1_UIOFGRO0_USFGROn1_VAWn1_V
Sn1_VW1_VWBn1_VFLRP0_WSGRA1_WSGRB0_WS32_WG16_2_1_WGM8_WGMTB

reject: WMMA V2 (gfx12+) non-HPA half/bf16 accumulation is not supported: packed f16 accumulators cause numVgprPerValuC=0 in the store path. Use HighPrecisionAccumulate: True for f32 accumulation.
rejecting solution 
Cijk_Alik_Bljk_HB_MT64x64x16_MI16x16x16x1_SN_1LDSB0_APM1_AAIGTEn1_AAILTEn1_AAV0_ABV0_ACED0_AF0EM1_AF1EM1_AMASn1_ASE_ASGT_ASLT_ASM_ASAE_ASBE_ASCE_ASDE_ASE
M1_AAC0_BL1_BS1_CUM0_CDO0_CTDA0_CLR0_DSK0_DRA0_DU16_DULD1_DTLA0_DTLB0_DTVA0_DTVB0_DAF0_DKP0_DVO0_ETSP_EPS1_ELFLR0_EMLL0_FSSC10_F16AI0_F16AIR0_FL0_GLVWAn1
_GLVWBn1_GR2A1_GR2B1_GRCGA1_GRCGB1_GRCVA1_GRCVB1_GRPM1_GRVW4_GSU1_GSUASB_GSUAA0_GSUSARR1_GSUWGMRR0_GLS0_ISA1201_IU1_IA0_KLA_LEL0_LBSPPAn1_LBSPPBn1_LPAn1_
LPBn1_LDL1_LR2A1_LR2B1_LRVWn1_LW2A1_LW2B1_LWPMn1_LDW0_LT1_FMA_MIAV1_MTSM64_MTSM1_MDA2_MI16_16_16_1_MO40_MVN256_MMFSC_MKFGSU256_MVN0_NR0_NTA0_NTB0_NTC0_NT
D0_NEPBS0_NLCA1_NLCB1_ONLL0_OPLV1_PBD0_PFD1_PG2_PSD0_PSLn1_PWCn1_PWLn1_PK0_PKAB0_PAP0_PAPM0_PGR0_PLR0_PKA0_RK0_SGR0_SIA0_SLW0_SS0_SU0_SUM0_SUS256_SCIU0_S
CIUE0_SCIUI1_SCIUPL0_SPO0_SRVW0_SSO0_SVWn1_SK0_SKA0_SKXCCM0_SNLL0_TSGRA0_TSGRB0_TT4_64_TLDS0_UIIDU0_UMLDSA0_UMLDSB0_UMF0_U64SL1_UIOFGRO0_USFGROn1_VAWn1_V
Sn1_VW1_VWBn1_VFLRP0_WSGRA0_WSGRB1_WS32_WG16_2_1_WGM8_WGMTB

reject: WMMA V2 (gfx12+) non-HPA half/bf16 accumulation is not supported: packed f16 accumulators cause numVgprPerValuC=0 in the store path. Use HighPrecisionAccumulate: True for f32 accumulation.
rejecting solution 
Cijk_Alik_Bljk_HB_MT64x64x16_MI16x16x16x1_SN_1LDSB0_APM1_AAIGTEn1_AAILTEn1_AAV0_ABV0_ACED0_AF0EM1_AF1EM1_AMASn1_ASE_ASGT_ASLT_ASM_ASAE_ASBE_ASCE_ASDE_ASE
M1_AAC0_BL1_BS1_CUM0_CDO0_CTDA0_CLR0_DSK0_DRA0_DU16_DULD1_DTLA0_DTLB0_DTVA0_DTVB0_DAF0_DKP0_DVO0_ETSP_EPS1_ELFLR0_EMLL0_FSSC10_F16AI0_F16AIR0_FL0_GLVWAn1
_GLVWBn1_GR2A1_GR2B1_GRCGA1_GRCGB1_GRCVA1_GRCVB1_GRPM1_GRVW4_GSU1_GSUASB_GSUAA0_GSUSARR1_GSUWGMRR0_GLS0_ISA1201_IU1_IA0_KLA_LEL0_LBSPPAn1_LBSPPBn1_LPAn1_
LPBn1_LDL1_LR2A1_LR2B1_LRVWn1_LW2A1_LW2B1_LWPMn1_LDW0_LT1_FMA_MIAV1_MTSM64_MTSM1_MDA2_MI16_16_16_1_MO40_MVN256_MMFSC_MKFGSU256_MVN0_NR0_NTA0_NTB0_NTC0_NT
D0_NEPBS0_NLCA1_NLCB1_ONLL0_OPLV1_PBD0_PFD1_PG2_PSD0_PSLn1_PWCn1_PWLn1_PK0_PKAB0_PAP0_PAPM0_PGR0_PLR0_PKA0_RK0_SGR0_SIA0_SLW0_SS0_SU0_SUM0_SUS256_SCIU0_S
CIUE0_SCIUI1_SCIUPL0_SPO0_SRVW0_SSO0_SVWn1_SK0_SKA0_SKXCCM0_SNLL0_TSGRA0_TSGRB0_TT4_64_TLDS0_UIIDU0_UMLDSA0_UMLDSB0_UMF0_U64SL1_UIOFGRO0_USFGROn1_VAWn1_V
Sn1_VW1_VWBn1_VFLRP0_WSGRA1_WSGRB1_WS32_WG16_2_1_WGM8_WGMTB

reject: WMMA V2 (gfx12+) non-HPA half/bf16 accumulation is not supported: packed f16 accumulators cause numVgprPerValuC=0 in the store path. Use HighPrecisionAccumulate: True for f32 accumulation.
rejecting solution 
Cijk_Alik_Bljk_HB_MT64x64x16_MI16x16x16x1_SN_1LDSB0_APM1_AAIGTEn1_AAILTEn1_AAV0_ABV0_ACED0_AF0EM1_AF1EM1_AMASn1_ASE_ASGT_ASLT_ASM_ASAE_ASBE_ASCE_ASDE_ASE
M1_AAC0_BL1_BS1_CUM0_CDO0_CTDA0_CLR0_DSK0_DRA0_DU16_DULD1_DTLA0_DTLB0_DTVA0_DTVB0_DAF0_DKP0_DVO0_ETSP_EPS1_ELFLR0_EMLL0_FSSC10_F16AI0_F16AIR0_FL0_GLVWAn1
_GLVWBn1_GR2A1_GR2B1_GRCGA1_GRCGB1_GRCVA1_GRCVB1_GRPM1_GRVW4_GSU1_GSUASB_GSUAA0_GSUSARR1_GSUWGMRR0_GLS0_ISA1201_IU1_IA0_KLA_LEL0_LBSPPAn1_LBSPPBn1_LPAn1_
LPBn1_LDL1_LR2A1_LR2B1_LRVWn1_LW2A1_LW2B1_LWPMn1_LDW0_LT1_FMA_MIAV1_MTSM64_MTSM1_MDA2_MI16_16_16_1_MO40_MVN256_MMFSC_MKFGSU256_MVN0_NR0_NTA0_NTB0_NTC0_NT
D0_NEPBS0_NLCA1_NLCB1_ONLL0_OPLV1_PBD0_PFD1_PG2_PSD0_PSLn1_PWCn1_PWLn1_PK0_PKAB0_PAP0_PAPM0_PGR0_PLR0_PKA0_RK0_SGR0_SIA0_SLW0_SS0_SU16_SUM0_SUS256_SCIU0_
SCIUE0_SCIUI1_SCIUPL0_SPO0_SRVW0_SSO0_SVWn1_SK0_SKA0_SKXCCM0_SNLL0_TSGRA0_TSGRB0_TT4_64_TLDS0_UIIDU0_UMLDSA0_UMLDSB0_UMF0_U64SL1_UIOFGRO0_USFGROn1_VAWn1_
VSn1_VW1_VWBn1_VFLRP0_WSGRA0_WSGRB0_WS32_WG16_2_1_WGM8_WGMTB

reject: WMMA V2 (gfx12+) non-HPA half/bf16 accumulation is not supported: packed f16 accumulators cause numVgprPerValuC=0 in the store path. Use HighPrecisionAccumulate: True for f32 accumulation.
rejecting solution 
Cijk_Alik_Bljk_HB_MT64x64x16_MI16x16x16x1_SN_1LDSB0_APM1_AAIGTEn1_AAILTEn1_AAV0_ABV0_ACED0_AF0EM1_AF1EM1_AMASn1_ASE_ASGT_ASLT_ASM_ASAE_ASBE_ASCE_ASDE_ASE
M1_AAC0_BL1_BS1_CUM0_CDO0_CTDA0_CLR0_DSK0_DRA0_DU16_DULD1_DTLA0_DTLB0_DTVA0_DTVB0_DAF0_DKP0_DVO0_ETSP_EPS1_ELFLR0_EMLL0_FSSC10_F16AI0_F16AIR0_FL0_GLVWAn1
_GLVWBn1_GR2A1_GR2B1_GRCGA1_GRCGB1_GRCVA1_GRCVB1_GRPM1_GRVW4_GSU1_GSUASB_GSUAA0_GSUSARR1_GSUWGMRR0_GLS0_ISA1201_IU1_IA0_KLA_LEL0_LBSPPAn1_LBSPPBn1_LPAn1_
LPBn1_LDL1_LR2A1_LR2B1_LRVWn1_LW2A1_LW2B1_LWPMn1_LDW0_LT1_FMA_MIAV1_MTSM64_MTSM1_MDA2_MI16_16_16_1_MO40_MVN256_MMFSC_MKFGSU256_MVN0_NR0_NTA0_NTB0_NTC0_NT
D0_NEPBS0_NLCA1_NLCB1_ONLL0_OPLV1_PBD0_PFD1_PG2_PSD0_PSLn1_PWCn1_PWLn1_PK0_PKAB0_PAP0_PAPM0_PGR0_PLR0_PKA0_RK0_SGR0_SIA0_SLW0_SS0_SU16_SUM0_SUS256_SCIU0_
SCIUE0_SCIUI1_SCIUPL0_SPO0_SRVW0_SSO0_SVWn1_SK0_SKA0_SKXCCM0_SNLL0_TSGRA0_TSGRB0_TT4_64_TLDS0_UIIDU0_UMLDSA0_UMLDSB0_UMF0_U64SL1_UIOFGRO0_USFGROn1_VAWn1_
VSn1_VW1_VWBn1_VFLRP0_WSGRA1_WSGRB0_WS32_WG16_2_1_WGM8_WGMTB

reject: WMMA V2 (gfx12+) non-HPA half/bf16 accumulation is not supported: packed f16 accumulators cause numVgprPerValuC=0 in the store path. Use HighPrecisionAccumulate: True for f32 accumulation.
rejecting solution 
Cijk_Alik_Bljk_HB_MT64x64x16_MI16x16x16x1_SN_1LDSB0_APM1_AAIGTEn1_AAILTEn1_AAV0_ABV0_ACED0_AF0EM1_AF1EM1_AMASn1_ASE_ASGT_ASLT_ASM_ASAE_ASBE_ASCE_ASDE_ASE
M1_AAC0_BL1_BS1_CUM0_CDO0_CTDA0_CLR0_DSK0_DRA0_DU16_DULD1_DTLA0_DTLB0_DTVA0_DTVB0_DAF0_DKP0_DVO0_ETSP_EPS1_ELFLR0_EMLL0_FSSC10_F16AI0_F16AIR0_FL0_GLVWAn1
_GLVWBn1_GR2A1_GR2B1_GRCGA1_GRCGB1_GRCVA1_GRCVB1_GRPM1_GRVW4_GSU1_GSUASB_GSUAA0_GSUSARR1_GSUWGMRR0_GLS0_ISA1201_IU1_IA0_KLA_LEL0_LBSPPAn1_LBSPPBn1_LPAn1_
LPBn1_LDL1_LR2A1_LR2B1_LRVWn1_LW2A1_LW2B1_LWPMn1_LDW0_LT1_FMA_MIAV1_MTSM64_MTSM1_MDA2_MI16_16_16_1_MO40_MVN256_MMFSC_MKFGSU256_MVN0_NR0_NTA0_NTB0_NTC0_NT
D0_NEPBS0_NLCA1_NLCB1_ONLL0_OPLV1_PBD0_PFD1_PG2_PSD0_PSLn1_PWCn1_PWLn1_PK0_PKAB0_PAP0_PAPM0_PGR0_PLR0_PKA0_RK0_SGR0_SIA0_SLW0_SS0_SU16_SUM0_SUS256_SCIU0_
SCIUE0_SCIUI1_SCIUPL0_SPO0_SRVW0_SSO0_SVWn1_SK0_SKA0_SKXCCM0_SNLL0_TSGRA0_TSGRB0_TT4_64_TLDS0_UIIDU0_UMLDSA0_UMLDSB0_UMF0_U64SL1_UIOFGRO0_USFGROn1_VAWn1_
VSn1_VW1_VWBn1_VFLRP0_WSGRA0_WSGRB1_WS32_WG16_2_1_WGM8_WGMTB

reject: WMMA V2 (gfx12+) non-HPA half/bf16 accumulation is not supported: packed f16 accumulators cause numVgprPerValuC=0 in the store path. Use HighPrecisionAccumulate: True for f32 accumulation.
rejecting solution 
Cijk_Alik_Bljk_HB_MT64x64x16_MI16x16x16x1_SN_1LDSB0_APM1_AAIGTEn1_AAILTEn1_AAV0_ABV0_ACED0_AF0EM1_AF1EM1_AMASn1_ASE_ASGT_ASLT_ASM_ASAE_ASBE_ASCE_ASDE_ASE
M1_AAC0_BL1_BS1_CUM0_CDO0_CTDA0_CLR0_DSK0_DRA0_DU16_DULD1_DTLA0_DTLB0_DTVA0_DTVB0_DAF0_DKP0_DVO0_ETSP_EPS1_ELFLR0_EMLL0_FSSC10_F16AI0_F16AIR0_FL0_GLVWAn1
_GLVWBn1_GR2A1_GR2B1_GRCGA1_GRCGB1_GRCVA1_GRCVB1_GRPM1_GRVW4_GSU1_GSUASB_GSUAA0_GSUSARR1_GSUWGMRR0_GLS0_ISA1201_IU1_IA0_KLA_LEL0_LBSPPAn1_LBSPPBn1_LPAn1_
LPBn1_LDL1_LR2A1_LR2B1_LRVWn1_LW2A1_LW2B1_LWPMn1_LDW0_LT1_FMA_MIAV1_MTSM64_MTSM1_MDA2_MI16_16_16_1_MO40_MVN256_MMFSC_MKFGSU256_MVN0_NR0_NTA0_NTB0_NTC0_NT
D0_NEPBS0_NLCA1_NLCB1_ONLL0_OPLV1_PBD0_PFD1_PG2_PSD0_PSLn1_PWCn1_PWLn1_PK0_PKAB0_PAP0_PAPM0_PGR0_PLR0_PKA0_RK0_SGR0_SIA0_SLW0_SS0_SU16_SUM0_SUS256_SCIU0_
SCIUE0_SCIUI1_SCIUPL0_SPO0_SRVW0_SSO0_SVWn1_SK0_SKA0_SKXCCM0_SNLL0_TSGRA0_TSGRB0_TT4_64_TLDS0_UIIDU0_UMLDSA0_UMLDSB0_UMF0_U64SL1_UIOFGRO0_USFGROn1_VAWn1_
VSn1_VW1_VWBn1_VFLRP0_WSGRA1_WSGRB1_WS32_WG16_2_1_WGM8_WGMTB

reject: WMMA V2 (gfx12+) non-HPA half/bf16 accumulation is not supported: packed f16 accumulators cause numVgprPerValuC=0 in the store path. Use HighPrecisionAccumulate: True for f32 accumulation.
rejecting solution 
Cijk_Alik_Bljk_HB_MT64x128x16_MI16x16x16x1_SN_1LDSB0_APM1_AAIGTEn1_AAILTEn1_AAV0_ABV0_ACED0_AF0EM1_AF1EM1_AMASn1_ASE_ASGT_ASLT_ASM_ASAE_ASBE_ASCE_ASDE_AS
EM1_AAC0_BL1_BS1_CUM0_CDO0_CTDA0_CLR0_DSK0_DRA0_DU16_DULD1_DTLA0_DTLB0_DTVA0_DTVB0_DAF0_DKP0_DVO0_ETSP_EPS1_ELFLR0_EMLL0_FSSC10_F16AI0_F16AIR0_FL0_GLVWAn
1_GLVWBn1_GR2A1_GR2B1_GRCGA1_GRCGB1_GRCVA1_GRCVB1_GRPM1_GRVW4_GSU1_GSUASB_GSUAA0_GSUSARR1_GSUWGMRR0_GLS0_ISA1201_IU1_IA0_KLA_LEL0_LBSPPAn1_LBSPPBn1_LPAn1
_LPBn1_LDL1_LR2A1_LR2B1_LRVWn1_LW2A1_LW2B1_LWPMn1_LDW0_LT1_FMA_MIAV1_MTSM64_MTSM1_MDA2_MI16_16_16_1_MO40_MVN256_MMFSC_MKFGSU256_MVN0_NR0_NTA0_NTB0_NTC0_N
TD0_NEPBS0_NLCA1_NLCB1_ONLL0_OPLV1_PBD0_PFD1_PG2_PSD0_PSLn1_PWCn1_PWLn1_PK0_PKAB0_PAP0_PAPM0_PGR0_PLR0_PKA0_RK0_SGR0_SIA0_SLW0_SS0_SU0_SUM0_SUS256_SCIU0_
SCIUE0_SCIUI1_SCIUPL0_SPO0_SRVW0_SSO0_SVWn1_SK0_SKA0_SKXCCM0_SNLL0_TSGRA0_TSGRB0_TT4_128_TLDS0_UIIDU0_UMLDSA0_UMLDSB0_UMF0_U64SL1_UIOFGRO0_USFGROn1_VAWn1
_VSn1_VW1_VWBn1_VFLRP0_WSGRA0_WSGRB0_WS32_WG16_2_1_WGM8_WGMTB

reject: WMMA V2 (gfx12+) non-HPA half/bf16 accumulation is not supported: packed f16 accumulators cause numVgprPerValuC=0 in the store path. Use HighPrecisionAccumulate: True for f32 accumulation.
rejecting solution 
Cijk_Alik_Bljk_HB_MT64x128x16_MI16x16x16x1_SN_1LDSB0_APM1_AAIGTEn1_AAILTEn1_AAV0_ABV0_ACED0_AF0EM1_AF1EM1_AMASn1_ASE_ASGT_ASLT_ASM_ASAE_ASBE_ASCE_ASDE_AS
EM1_AAC0_BL1_BS1_CUM0_CDO0_CTDA0_CLR0_DSK0_DRA0_DU16_DULD1_DTLA0_DTLB0_DTVA0_DTVB0_DAF0_DKP0_DVO0_ETSP_EPS1_ELFLR0_EMLL0_FSSC10_F16AI0_F16AIR0_FL0_GLVWAn
1_GLVWBn1_GR2A1_GR2B1_GRCGA1_GRCGB1_GRCVA1_GRCVB1_GRPM1_GRVW4_GSU1_GSUASB_GSUAA0_GSUSARR1_GSUWGMRR0_GLS0_ISA1201_IU1_IA0_KLA_LEL0_LBSPPAn1_LBSPPBn1_LPAn1
_LPBn1_LDL1_LR2A1_LR2B1_LRVWn1_LW2A1_LW2B1_LWPMn1_LDW0_LT1_FMA_MIAV1_MTSM64_MTSM1_MDA2_MI16_16_16_1_MO40_MVN256_MMFSC_MKFGSU256_MVN0_NR0_NTA0_NTB0_NTC0_N
TD0_NEPBS0_NLCA1_NLCB1_ONLL0_OPLV1_PBD0_PFD1_PG2_PSD0_PSLn1_PWCn1_PWLn1_PK0_PKAB0_PAP0_PAPM0_PGR0_PLR0_PKA0_RK0_SGR0_SIA0_SLW0_SS0_SU0_SUM0_SUS256_SCIU0_
SCIUE0_SCIUI1_SCIUPL0_SPO0_SRVW0_SSO0_SVWn1_SK0_SKA0_SKXCCM0_SNLL0_TSGRA0_TSGRB0_TT4_128_TLDS0_UIIDU0_UMLDSA0_UMLDSB0_UMF0_U64SL1_UIOFGRO0_USFGROn1_VAWn1
_VSn1_VW1_VWBn1_VFLRP0_WSGRA1_WSGRB0_WS32_WG16_2_1_WGM8_WGMTB

reject: WMMA V2 (gfx12+) non-HPA half/bf16 accumulation is not supported: packed f16 accumulators cause numVgprPerValuC=0 in the store path. Use HighPrecisionAccumulate: True for f32 accumulation.
rejecting solution 
Cijk_Alik_Bljk_HB_MT64x128x16_MI16x16x16x1_SN_1LDSB0_APM1_AAIGTEn1_AAILTEn1_AAV0_ABV0_ACED0_AF0EM1_AF1EM1_AMASn1_ASE_ASGT_ASLT_ASM_ASAE_ASBE_ASCE_ASDE_AS
EM1_AAC0_BL1_BS1_CUM0_CDO0_CTDA0_CLR0_DSK0_DRA0_DU16_DULD1_DTLA0_DTLB0_DTVA0_DTVB0_DAF0_DKP0_DVO0_ETSP_EPS1_ELFLR0_EMLL0_FSSC10_F16AI0_F16AIR0_FL0_GLVWAn
1_GLVWBn1_GR2A1_GR2B1_GRCGA1_GRCGB1_GRCVA1_GRCVB1_GRPM1_GRVW4_GSU1_GSUASB_GSUAA0_GSUSARR1_GSUWGMRR0_GLS0_ISA1201_IU1_IA0_KLA_LEL0_LBSPPAn1_LBSPPBn1_LPAn1
_LPBn1_LDL1_LR2A1_LR2B1_LRVWn1_LW2A1_LW2B1_LWPMn1_LDW0_LT1_FMA_MIAV1_MTSM64_MTSM1_MDA2_MI16_16_16_1_MO40_MVN256_MMFSC_MKFGSU256_MVN0_NR0_NTA0_NTB0_NTC0_N
TD0_NEPBS0_NLCA1_NLCB1_ONLL0_OPLV1_PBD0_PFD1_PG2_PSD0_PSLn1_PWCn1_PWLn1_PK0_PKAB0_PAP0_PAPM0_PGR0_PLR0_PKA0_RK0_SGR0_SIA0_SLW0_SS0_SU0_SUM0_SUS256_SCIU0_
SCIUE0_SCIUI1_SCIUPL0_SPO0_SRVW0_SSO0_SVWn1_SK0_SKA0_SKXCCM0_SNLL0_TSGRA0_TSGRB0_TT4_128_TLDS0_UIIDU0_UMLDSA0_UMLDSB0_UMF0_U64SL1_UIOFGRO0_USFGROn1_VAWn1
_VSn1_VW1_VWBn1_VFLRP0_WSGRA0_WSGRB1_WS32_WG16_2_1_WGM8_WGMTB

reject: WMMA V2 (gfx12+) non-HPA half/bf16 accumulation is not supported: packed f16 accumulators cause numVgprPerValuC=0 in the store path. Use HighPrecisionAccumulate: True for f32 accumulation.
rejecting solution 
Cijk_Alik_Bljk_HB_MT64x128x16_MI16x16x16x1_SN_1LDSB0_APM1_AAIGTEn1_AAILTEn1_AAV0_ABV0_ACED0_AF0EM1_AF1EM1_AMASn1_ASE_ASGT_ASLT_ASM_ASAE_ASBE_ASCE_ASDE_AS
EM1_AAC0_BL1_BS1_CUM0_CDO0_CTDA0_CLR0_DSK0_DRA0_DU16_DULD1_DTLA0_DTLB0_DTVA0_DTVB0_DAF0_DKP0_DVO0_ETSP_EPS1_ELFLR0_EMLL0_FSSC10_F16AI0_F16AIR0_FL0_GLVWAn
1_GLVWBn1_GR2A1_GR2B1_GRCGA1_GRCGB1_GRCVA1_GRCVB1_GRPM1_GRVW4_GSU1_GSUASB_GSUAA0_GSUSARR1_GSUWGMRR0_GLS0_ISA1201_IU1_IA0_KLA_LEL0_LBSPPAn1_LBSPPBn1_LPAn1
_LPBn1_LDL1_LR2A1_LR2B1_LRVWn1_LW2A1_LW2B1_LWPMn1_LDW0_LT1_FMA_MIAV1_MTSM64_MTSM1_MDA2_MI16_16_16_1_MO40_MVN256_MMFSC_MKFGSU256_MVN0_NR0_NTA0_NTB0_NTC0_N
TD0_NEPBS0_NLCA1_NLCB1_ONLL0_OPLV1_PBD0_PFD1_PG2_PSD0_PSLn1_PWCn1_PWLn1_PK0_PKAB0_PAP0_PAPM0_PGR0_PLR0_PKA0_RK0_SGR0_SIA0_SLW0_SS0_SU0_SUM0_SUS256_SCIU0_
SCIUE0_SCIUI1_SCIUPL0_SPO0_SRVW0_SSO0_SVWn1_SK0_SKA0_SKXCCM0_SNLL0_TSGRA0_TSGRB0_TT4_128_TLDS0_UIIDU0_UMLDSA0_UMLDSB0_UMF0_U64SL1_UIOFGRO0_USFGROn1_VAWn1
_VSn1_VW1_VWBn1_VFLRP0_WSGRA1_WSGRB1_WS32_WG16_2_1_WGM8_WGMTB

reject: WMMA V2 (gfx12+) non-HPA half/bf16 accumulation is not supported: packed f16 accumulators cause numVgprPerValuC=0 in the store path. Use HighPrecisionAccumulate: True for f32 accumulation.
rejecting solution 
Cijk_Alik_Bljk_HB_MT64x128x16_MI16x16x16x1_SN_1LDSB0_APM1_AAIGTEn1_AAILTEn1_AAV0_ABV0_ACED0_AF0EM1_AF1EM1_AMASn1_ASE_ASGT_ASLT_ASM_ASAE_ASBE_ASCE_ASDE_AS
EM1_AAC0_BL1_BS1_CUM0_CDO0_CTDA0_CLR0_DSK0_DRA0_DU16_DULD1_DTLA0_DTLB0_DTVA0_DTVB0_DAF0_DKP0_DVO0_ETSP_EPS1_ELFLR0_EMLL0_FSSC10_F16AI0_F16AIR0_FL0_GLVWAn
1_GLVWBn1_GR2A1_GR2B1_GRCGA1_GRCGB1_GRCVA1_GRCVB1_GRPM1_GRVW4_GSU1_GSUASB_GSUAA0_GSUSARR1_GSUWGMRR0_GLS0_ISA1201_IU1_IA0_KLA_LEL0_LBSPPAn1_LBSPPBn1_LPAn1
_LPBn1_LDL1_LR2A1_LR2B1_LRVWn1_LW2A1_LW2B1_LWPMn1_LDW0_LT1_FMA_MIAV1_MTSM64_MTSM1_MDA2_MI16_16_16_1_MO40_MVN256_MMFSC_MKFGSU256_MVN0_NR0_NTA0_NTB0_NTC0_N
TD0_NEPBS0_NLCA1_NLCB1_ONLL0_OPLV1_PBD0_PFD1_PG2_PSD0_PSLn1_PWCn1_PWLn1_PK0_PKAB0_PAP0_PAPM0_PGR0_PLR0_PKA0_RK0_SGR0_SIA0_SLW0_SS0_SU16_SUM0_SUS256_SCIU0
_SCIUE0_SCIUI1_SCIUPL0_SPO0_SRVW0_SSO0_SVWn1_SK0_SKA0_SKXCCM0_SNLL0_TSGRA0_TSGRB0_TT4_128_TLDS0_UIIDU0_UMLDSA0_UMLDSB0_UMF0_U64SL1_UIOFGRO0_USFGROn1_VAWn
1_VSn1_VW1_VWBn1_VFLRP0_WSGRA0_WSGRB0_WS32_WG16_2_1_WGM8_WGMTB

reject: WMMA V2 (gfx12+) non-HPA half/bf16 accumulation is not supported: packed f16 accumulators cause numVgprPerValuC=0 in the store path. Use HighPrecisionAccumulate: True for f32 accumulation.
rejecting solution 
Cijk_Alik_Bljk_HB_MT64x128x16_MI16x16x16x1_SN_1LDSB0_APM1_AAIGTEn1_AAILTEn1_AAV0_ABV0_ACED0_AF0EM1_AF1EM1_AMASn1_ASE_ASGT_ASLT_ASM_ASAE_ASBE_ASCE_ASDE_AS
EM1_AAC0_BL1_BS1_CUM0_CDO0_CTDA0_CLR0_DSK0_DRA0_DU16_DULD1_DTLA0_DTLB0_DTVA0_DTVB0_DAF0_DKP0_DVO0_ETSP_EPS1_ELFLR0_EMLL0_FSSC10_F16AI0_F16AIR0_FL0_GLVWAn
1_GLVWBn1_GR2A1_GR2B1_GRCGA1_GRCGB1_GRCVA1_GRCVB1_GRPM1_GRVW4_GSU1_GSUASB_GSUAA0_GSUSARR1_GSUWGMRR0_GLS0_ISA1201_IU1_IA0_KLA_LEL0_LBSPPAn1_LBSPPBn1_LPAn1
_LPBn1_LDL1_LR2A1_LR2B1_LRVWn1_LW2A1_LW2B1_LWPMn1_LDW0_LT1_FMA_MIAV1_MTSM64_MTSM1_MDA2_MI16_16_16_1_MO40_MVN256_MMFSC_MKFGSU256_MVN0_NR0_NTA0_NTB0_NTC0_N
TD0_NEPBS0_NLCA1_NLCB1_ONLL0_OPLV1_PBD0_PFD1_PG2_PSD0_PSLn1_PWCn1_PWLn1_PK0_PKAB0_PAP0_PAPM0_PGR0_PLR0_PKA0_RK0_SGR0_SIA0_SLW0_SS0_SU16_SUM0_SUS256_SCIU0
_SCIUE0_SCIUI1_SCIUPL0_SPO0_SRVW0_SSO0_SVWn1_SK0_SKA0_SKXCCM0_SNLL0_TSGRA0_TSGRB0_TT4_128_TLDS0_UIIDU0_UMLDSA0_UMLDSB0_UMF0_U64SL1_UIOFGRO0_USFGROn1_VAWn
1_VSn1_VW1_VWBn1_VFLRP0_WSGRA1_WSGRB0_WS32_WG16_2_1_WGM8_WGMTB

reject: WMMA V2 (gfx12+) non-HPA half/bf16 accumulation is not supported: packed f16 accumulators cause numVgprPerValuC=0 in the store path. Use HighPrecisionAccumulate: True for f32 accumulation.
rejecting solution 
Cijk_Alik_Bljk_HB_MT64x128x16_MI16x16x16x1_SN_1LDSB0_APM1_AAIGTEn1_AAILTEn1_AAV0_ABV0_ACED0_AF0EM1_AF1EM1_AMASn1_ASE_ASGT_ASLT_ASM_ASAE_ASBE_ASCE_ASDE_AS
EM1_AAC0_BL1_BS1_CUM0_CDO0_CTDA0_CLR0_DSK0_DRA0_DU16_DULD1_DTLA0_DTLB0_DTVA0_DTVB0_DAF0_DKP0_DVO0_ETSP_EPS1_ELFLR0_EMLL0_FSSC10_F16AI0_F16AIR0_FL0_GLVWAn
1_GLVWBn1_GR2A1_GR2B1_GRCGA1_GRCGB1_GRCVA1_GRCVB1_GRPM1_GRVW4_GSU1_GSUASB_GSUAA0_GSUSARR1_GSUWGMRR0_GLS0_ISA1201_IU1_IA0_KLA_LEL0_LBSPPAn1_LBSPPBn1_LPAn1
_LPBn1_LDL1_LR2A1_LR2B1_LRVWn1_LW2A1_LW2B1_LWPMn1_LDW0_LT1_FMA_MIAV1_MTSM64_MTSM1_MDA2_MI16_16_16_1_MO40_MVN256_MMFSC_MKFGSU256_MVN0_NR0_NTA0_NTB0_NTC0_N
TD0_NEPBS0_NLCA1_NLCB1_ONLL0_OPLV1_PBD0_PFD1_PG2_PSD0_PSLn1_PWCn1_PWLn1_PK0_PKAB0_PAP0_PAPM0_PGR0_PLR0_PKA0_RK0_SGR0_SIA0_SLW0_SS0_SU16_SUM0_SUS256_SCIU0
_SCIUE0_SCIUI1_SCIUPL0_SPO0_SRVW0_SSO0_SVWn1_SK0_SKA0_SKXCCM0_SNLL0_TSGRA0_TSGRB0_TT4_128_TLDS0_UIIDU0_UMLDSA0_UMLDSB0_UMF0_U64SL1_UIOFGRO0_USFGROn1_VAWn
1_VSn1_VW1_VWBn1_VFLRP0_WSGRA0_WSGRB1_WS32_WG16_2_1_WGM8_WGMTB

reject: WMMA V2 (gfx12+) non-HPA half/bf16 accumulation is not supported: packed f16 accumulators cause numVgprPerValuC=0 in the store path. Use HighPrecisionAccumulate: True for f32 accumulation.
rejecting solution 
Cijk_Alik_Bljk_HB_MT64x128x16_MI16x16x16x1_SN_1LDSB0_APM1_AAIGTEn1_AAILTEn1_AAV0_ABV0_ACED0_AF0EM1_AF1EM1_AMASn1_ASE_ASGT_ASLT_ASM_ASAE_ASBE_ASCE_ASDE_AS
EM1_AAC0_BL1_BS1_CUM0_CDO0_CTDA0_CLR0_DSK0_DRA0_DU16_DULD1_DTLA0_DTLB0_DTVA0_DTVB0_DAF0_DKP0_DVO0_ETSP_EPS1_ELFLR0_EMLL0_FSSC10_F16AI0_F16AIR0_FL0_GLVWAn
1_GLVWBn1_GR2A1_GR2B1_GRCGA1_GRCGB1_GRCVA1_GRCVB1_GRPM1_GRVW4_GSU1_GSUASB_GSUAA0_GSUSARR1_GSUWGMRR0_GLS0_ISA1201_IU1_IA0_KLA_LEL0_LBSPPAn1_LBSPPBn1_LPAn1
_LPBn1_LDL1_LR2A1_LR2B1_LRVWn1_LW2A1_LW2B1_LWPMn1_LDW0_LT1_FMA_MIAV1_MTSM64_MTSM1_MDA2_MI16_16_16_1_MO40_MVN256_MMFSC_MKFGSU256_MVN0_NR0_NTA0_NTB0_NTC0_N
TD0_NEPBS0_NLCA1_NLCB1_ONLL0_OPLV1_PBD0_PFD1_PG2_PSD0_PSLn1_PWCn1_PWLn1_PK0_PKAB0_PAP0_PAPM0_PGR0_PLR0_PKA0_RK0_SGR0_SIA0_SLW0_SS0_SU16_SUM0_SUS256_SCIU0
_SCIUE0_SCIUI1_SCIUPL0_SPO0_SRVW0_SSO0_SVWn1_SK0_SKA0_SKXCCM0_SNLL0_TSGRA0_TSGRB0_TT4_128_TLDS0_UIIDU0_UMLDSA0_UMLDSB0_UMF0_U64SL1_UIOFGRO0_USFGROn1_VAWn
1_VSn1_VW1_VWBn1_VFLRP0_WSGRA1_WSGRB1_WS32_WG16_2_1_WGM8_WGMTB

reject: WMMA V2 (gfx12+) non-HPA half/bf16 accumulation is not supported: packed f16 accumulators cause numVgprPerValuC=0 in the store path. Use HighPrecisionAccumulate: True for f32 accumulation.
rejecting solution 
Cijk_Alik_Bljk_HB_MT128x64x16_MI16x16x16x1_SN_1LDSB0_APM1_AAIGTEn1_AAILTEn1_AAV0_ABV0_ACED0_AF0EM1_AF1EM1_AMASn1_ASE_ASGT_ASLT_ASM_ASAE_ASBE_ASCE_ASDE_AS
EM1_AAC0_BL1_BS1_CUM0_CDO0_CTDA0_CLR0_DSK0_DRA0_DU16_DULD1_DTLA0_DTLB0_DTVA0_DTVB0_DAF0_DKP0_DVO0_ETSP_EPS1_ELFLR0_EMLL0_FSSC10_F16AI0_F16AIR0_FL0_GLVWAn
1_GLVWBn1_GR2A1_GR2B1_GRCGA1_GRCGB1_GRCVA1_GRCVB1_GRPM1_GRVW4_GSU1_GSUASB_GSUAA0_GSUSARR1_GSUWGMRR0_GLS0_ISA1201_IU1_IA0_KLA_LEL0_LBSPPAn1_LBSPPBn1_LPAn1
_LPBn1_LDL1_LR2A1_LR2B1_LRVWn1_LW2A1_LW2B1_LWPMn1_LDW0_LT1_FMA_MIAV1_MTSM64_MTSM1_MDA2_MI16_16_16_1_MO40_MVN256_MMFSC_MKFGSU256_MVN0_NR0_NTA0_NTB0_NTC0_N
TD0_NEPBS0_NLCA1_NLCB1_ONLL0_OPLV1_PBD0_PFD1_PG2_PSD0_PSLn1_PWCn1_PWLn1_PK0_PKAB0_PAP0_PAPM0_PGR0_PLR0_PKA0_RK0_SGR0_SIA0_SLW0_SS0_SU0_SUM0_SUS256_SCIU0_
SCIUE0_SCIUI1_SCIUPL0_SPO0_SRVW0_SSO0_SVWn1_SK0_SKA0_SKXCCM0_SNLL0_TSGRA0_TSGRB0_TT8_64_TLDS0_UIIDU0_UMLDSA0_UMLDSB0_UMF0_U64SL1_UIOFGRO0_USFGROn1_VAWn1_
VSn1_VW1_VWBn1_VFLRP0_WSGRA0_WSGRB0_WS32_WG16_2_1_WGM8_WGMTB

reject: WMMA V2 (gfx12+) non-HPA half/bf16 accumulation is not supported: packed f16 accumulators cause numVgprPerValuC=0 in the store path. Use HighPrecisionAccumulate: True for f32 accumulation.
rejecting solution 
Cijk_Alik_Bljk_HB_MT128x64x16_MI16x16x16x1_SN_1LDSB0_APM1_AAIGTEn1_AAILTEn1_AAV0_ABV0_ACED0_AF0EM1_AF1EM1_AMASn1_ASE_ASGT_ASLT_ASM_ASAE_ASBE_ASCE_ASDE_AS
EM1_AAC0_BL1_BS1_CUM0_CDO0_CTDA0_CLR0_DSK0_DRA0_DU16_DULD1_DTLA0_DTLB0_DTVA0_DTVB0_DAF0_DKP0_DVO0_ETSP_EPS1_ELFLR0_EMLL0_FSSC10_F16AI0_F16AIR0_FL0_GLVWAn
1_GLVWBn1_GR2A1_GR2B1_GRCGA1_GRCGB1_GRCVA1_GRCVB1_GRPM1_GRVW4_GSU1_GSUASB_GSUAA0_GSUSARR1_GSUWGMRR0_GLS0_ISA1201_IU1_IA0_KLA_LEL0_LBSPPAn1_LBSPPBn1_LPAn1
_LPBn1_LDL1_LR2A1_LR2B1_LRVWn1_LW2A1_LW2B1_LWPMn1_LDW0_LT1_FMA_MIAV1_MTSM64_MTSM1_MDA2_MI16_16_16_1_MO40_MVN256_MMFSC_MKFGSU256_MVN0_NR0_NTA0_NTB0_NTC0_N
TD0_NEPBS0_NLCA1_NLCB1_ONLL0_OPLV1_PBD0_PFD1_PG2_PSD0_PSLn1_PWCn1_PWLn1_PK0_PKAB0_PAP0_PAPM0_PGR0_PLR0_PKA0_RK0_SGR0_SIA0_SLW0_SS0_SU0_SUM0_SUS256_SCIU0_
SCIUE0_SCIUI1_SCIUPL0_SPO0_SRVW0_SSO0_SVWn1_SK0_SKA0_SKXCCM0_SNLL0_TSGRA0_TSGRB0_TT8_64_TLDS0_UIIDU0_UMLDSA0_UMLDSB0_UMF0_U64SL1_UIOFGRO0_USFGROn1_VAWn1_
VSn1_VW1_VWBn1_VFLRP0_WSGRA1_WSGRB0_WS32_WG16_2_1_WGM8_WGMTB

reject: WMMA V2 (gfx12+) non-HPA half/bf16 accumulation is not supported: packed f16 accumulators cause numVgprPerValuC=0 in the store path. Use HighPrecisionAccumulate: True for f32 accumulation.
rejecting solution 
Cijk_Alik_Bljk_HB_MT128x64x16_MI16x16x16x1_SN_1LDSB0_APM1_AAIGTEn1_AAILTEn1_AAV0_ABV0_ACED0_AF0EM1_AF1EM1_AMASn1_ASE_ASGT_ASLT_ASM_ASAE_ASBE_ASCE_ASDE_AS
EM1_AAC0_BL1_BS1_CUM0_CDO0_CTDA0_CLR0_DSK0_DRA0_DU16_DULD1_DTLA0_DTLB0_DTVA0_DTVB0_DAF0_DKP0_DVO0_ETSP_EPS1_ELFLR0_EMLL0_FSSC10_F16AI0_F16AIR0_FL0_GLVWAn
1_GLVWBn1_GR2A1_GR2B1_GRCGA1_GRCGB1_GRCVA1_GRCVB1_GRPM1_GRVW4_GSU1_GSUASB_GSUAA0_GSUSARR1_GSUWGMRR0_GLS0_ISA1201_IU1_IA0_KLA_LEL0_LBSPPAn1_LBSPPBn1_LPAn1
_LPBn1_LDL1_LR2A1_LR2B1_LRVWn1_LW2A1_LW2B1_LWPMn1_LDW0_LT1_FMA_MIAV1_MTSM64_MTSM1_MDA2_MI16_16_16_1_MO40_MVN256_MMFSC_MKFGSU256_MVN0_NR0_NTA0_NTB0_NTC0_N
TD0_NEPBS0_NLCA1_NLCB1_ONLL0_OPLV1_PBD0_PFD1_PG2_PSD0_PSLn1_PWCn1_PWLn1_PK0_PKAB0_PAP0_PAPM0_PGR0_PLR0_PKA0_RK0_SGR0_SIA0_SLW0_SS0_SU0_SUM0_SUS256_SCIU0_
SCIUE0_SCIUI1_SCIUPL0_SPO0_SRVW0_SSO0_SVWn1_SK0_SKA0_SKXCCM0_SNLL0_TSGRA0_TSGRB0_TT8_64_TLDS0_UIIDU0_UMLDSA0_UMLDSB0_UMF0_U64SL1_UIOFGRO0_USFGROn1_VAWn1_
VSn1_VW1_VWBn1_VFLRP0_WSGRA0_WSGRB1_WS32_WG16_2_1_WGM8_WGMTB

reject: WMMA V2 (gfx12+) non-HPA half/bf16 accumulation is not supported: packed f16 accumulators cause numVgprPerValuC=0 in the store path. Use HighPrecisionAccumulate: True for f32 accumulation.
rejecting solution 
Cijk_Alik_Bljk_HB_MT128x64x16_MI16x16x16x1_SN_1LDSB0_APM1_AAIGTEn1_AAILTEn1_AAV0_ABV0_ACED0_AF0EM1_AF1EM1_AMASn1_ASE_ASGT_ASLT_ASM_ASAE_ASBE_ASCE_ASDE_AS
EM1_AAC0_BL1_BS1_CUM0_CDO0_CTDA0_CLR0_DSK0_DRA0_DU16_DULD1_DTLA0_DTLB0_DTVA0_DTVB0_DAF0_DKP0_DVO0_ETSP_EPS1_ELFLR0_EMLL0_FSSC10_F16AI0_F16AIR0_FL0_GLVWAn
1_GLVWBn1_GR2A1_GR2B1_GRCGA1_GRCGB1_GRCVA1_GRCVB1_GRPM1_GRVW4_GSU1_GSUASB_GSUAA0_GSUSARR1_GSUWGMRR0_GLS0_ISA1201_IU1_IA0_KLA_LEL0_LBSPPAn1_LBSPPBn1_LPAn1
_LPBn1_LDL1_LR2A1_LR2B1_LRVWn1_LW2A1_LW2B1_LWPMn1_LDW0_LT1_FMA_MIAV1_MTSM64_MTSM1_MDA2_MI16_16_16_1_MO40_MVN256_MMFSC_MKFGSU256_MVN0_NR0_NTA0_NTB0_NTC0_N
TD0_NEPBS0_NLCA1_NLCB1_ONLL0_OPLV1_PBD0_PFD1_PG2_PSD0_PSLn1_PWCn1_PWLn1_PK0_PKAB0_PAP0_PAPM0_PGR0_PLR0_PKA0_RK0_SGR0_SIA0_SLW0_SS0_SU0_SUM0_SUS256_SCIU0_
SCIUE0_SCIUI1_SCIUPL0_SPO0_SRVW0_SSO0_SVWn1_SK0_SKA0_SKXCCM0_SNLL0_TSGRA0_TSGRB0_TT8_64_TLDS0_UIIDU0_UMLDSA0_UMLDSB0_UMF0_U64SL1_UIOFGRO0_USFGROn1_VAWn1_
VSn1_VW1_VWBn1_VFLRP0_WSGRA1_WSGRB1_WS32_WG16_2_1_WGM8_WGMTB

reject: WMMA V2 (gfx12+) non-HPA half/bf16 accumulation is not supported: packed f16 accumulators cause numVgprPerValuC=0 in the store path. Use HighPrecisionAccumulate: True for f32 accumulation.
rejecting solution 
Cijk_Alik_Bljk_HB_MT128x64x16_MI16x16x16x1_SN_1LDSB0_APM1_AAIGTEn1_AAILTEn1_AAV0_ABV0_ACED0_AF0EM1_AF1EM1_AMASn1_ASE_ASGT_ASLT_ASM_ASAE_ASBE_ASCE_ASDE_AS
EM1_AAC0_BL1_BS1_CUM0_CDO0_CTDA0_CLR0_DSK0_DRA0_DU16_DULD1_DTLA0_DTLB0_DTVA0_DTVB0_DAF0_DKP0_DVO0_ETSP_EPS1_ELFLR0_EMLL0_FSSC10_F16AI0_F16AIR0_FL0_GLVWAn
1_GLVWBn1_GR2A1_GR2B1_GRCGA1_GRCGB1_GRCVA1_GRCVB1_GRPM1_GRVW4_GSU1_GSUASB_GSUAA0_GSUSARR1_GSUWGMRR0_GLS0_ISA1201_IU1_IA0_KLA_LEL0_LBSPPAn1_LBSPPBn1_LPAn1
_LPBn1_LDL1_LR2A1_LR2B1_LRVWn1_LW2A1_LW2B1_LWPMn1_LDW0_LT1_FMA_MIAV1_MTSM64_MTSM1_MDA2_MI16_16_16_1_MO40_MVN256_MMFSC_MKFGSU256_MVN0_NR0_NTA0_NTB0_NTC0_N
TD0_NEPBS0_NLCA1_NLCB1_ONLL0_OPLV1_PBD0_PFD1_PG2_PSD0_PSLn1_PWCn1_PWLn1_PK0_PKAB0_PAP0_PAPM0_PGR0_PLR0_PKA0_RK0_SGR0_SIA0_SLW0_SS0_SU16_SUM0_SUS256_SCIU0
_SCIUE0_SCIUI1_SCIUPL0_SPO0_SRVW0_SSO0_SVWn1_SK0_SKA0_SKXCCM0_SNLL0_TSGRA0_TSGRB0_TT8_64_TLDS0_UIIDU0_UMLDSA0_UMLDSB0_UMF0_U64SL1_UIOFGRO0_USFGROn1_VAWn1
_VSn1_VW1_VWBn1_VFLRP0_WSGRA0_WSGRB0_WS32_WG16_2_1_WGM8_WGMTB

reject: WMMA V2 (gfx12+) non-HPA half/bf16 accumulation is not supported: packed f16 accumulators cause numVgprPerValuC=0 in the store path. Use HighPrecisionAccumulate: True for f32 accumulation.
rejecting solution 
Cijk_Alik_Bljk_HB_MT128x64x16_MI16x16x16x1_SN_1LDSB0_APM1_AAIGTEn1_AAILTEn1_AAV0_ABV0_ACED0_AF0EM1_AF1EM1_AMASn1_ASE_ASGT_ASLT_ASM_ASAE_ASBE_ASCE_ASDE_AS
EM1_AAC0_BL1_BS1_CUM0_CDO0_CTDA0_CLR0_DSK0_DRA0_DU16_DULD1_DTLA0_DTLB0_DTVA0_DTVB0_DAF0_DKP0_DVO0_ETSP_EPS1_ELFLR0_EMLL0_FSSC10_F16AI0_F16AIR0_FL0_GLVWAn
1_GLVWBn1_GR2A1_GR2B1_GRCGA1_GRCGB1_GRCVA1_GRCVB1_GRPM1_GRVW4_GSU1_GSUASB_GSUAA0_GSUSARR1_GSUWGMRR0_GLS0_ISA1201_IU1_IA0_KLA_LEL0_LBSPPAn1_LBSPPBn1_LPAn1
_LPBn1_LDL1_LR2A1_LR2B1_LRVWn1_LW2A1_LW2B1_LWPMn1_LDW0_LT1_FMA_MIAV1_MTSM64_MTSM1_MDA2_MI16_16_16_1_MO40_MVN256_MMFSC_MKFGSU256_MVN0_NR0_NTA0_NTB0_NTC0_N
TD0_NEPBS0_NLCA1_NLCB1_ONLL0_OPLV1_PBD0_PFD1_PG2_PSD0_PSLn1_PWCn1_PWLn1_PK0_PKAB0_PAP0_PAPM0_PGR0_PLR0_PKA0_RK0_SGR0_SIA0_SLW0_SS0_SU16_SUM0_SUS256_SCIU0
_SCIUE0_SCIUI1_SCIUPL0_SPO0_SRVW0_SSO0_SVWn1_SK0_SKA0_SKXCCM0_SNLL0_TSGRA0_TSGRB0_TT8_64_TLDS0_UIIDU0_UMLDSA0_UMLDSB0_UMF0_U64SL1_UIOFGRO0_USFGROn1_VAWn1
_VSn1_VW1_VWBn1_VFLRP0_WSGRA1_WSGRB0_WS32_WG16_2_1_WGM8_WGMTB

reject: WMMA V2 (gfx12+) non-HPA half/bf16 accumulation is not supported: packed f16 accumulators cause numVgprPerValuC=0 in the store path. Use HighPrecisionAccumulate: True for f32 accumulation.
rejecting solution 
Cijk_Alik_Bljk_HB_MT128x64x16_MI16x16x16x1_SN_1LDSB0_APM1_AAIGTEn1_AAILTEn1_AAV0_ABV0_ACED0_AF0EM1_AF1EM1_AMASn1_ASE_ASGT_ASLT_ASM_ASAE_ASBE_ASCE_ASDE_AS
EM1_AAC0_BL1_BS1_CUM0_CDO0_CTDA0_CLR0_DSK0_DRA0_DU16_DULD1_DTLA0_DTLB0_DTVA0_DTVB0_DAF0_DKP0_DVO0_ETSP_EPS1_ELFLR0_EMLL0_FSSC10_F16AI0_F16AIR0_FL0_GLVWAn
1_GLVWBn1_GR2A1_GR2B1_GRCGA1_GRCGB1_GRCVA1_GRCVB1_GRPM1_GRVW4_GSU1_GSUASB_GSUAA0_GSUSARR1_GSUWGMRR0_GLS0_ISA1201_IU1_IA0_KLA_LEL0_LBSPPAn1_LBSPPBn1_LPAn1
_LPBn1_LDL1_LR2A1_LR2B1_LRVWn1_LW2A1_LW2B1_LWPMn1_LDW0_LT1_FMA_MIAV1_MTSM64_MTSM1_MDA2_MI16_16_16_1_MO40_MVN256_MMFSC_MKFGSU256_MVN0_NR0_NTA0_NTB0_NTC0_N
TD0_NEPBS0_NLCA1_NLCB1_ONLL0_OPLV1_PBD0_PFD1_PG2_PSD0_PSLn1_PWCn1_PWLn1_PK0_PKAB0_PAP0_PAPM0_PGR0_PLR0_PKA0_RK0_SGR0_SIA0_SLW0_SS0_SU16_SUM0_SUS256_SCIU0
_SCIUE0_SCIUI1_SCIUPL0_SPO0_SRVW0_SSO0_SVWn1_SK0_SKA0_SKXCCM0_SNLL0_TSGRA0_TSGRB0_TT8_64_TLDS0_UIIDU0_UMLDSA0_UMLDSB0_UMF0_U64SL1_UIOFGRO0_USFGROn1_VAWn1
_VSn1_VW1_VWBn1_VFLRP0_WSGRA0_WSGRB1_WS32_WG16_2_1_WGM8_WGMTB

reject: WMMA V2 (gfx12+) non-HPA half/bf16 accumulation is not supported: packed f16 accumulators cause numVgprPerValuC=0 in the store path. Use HighPrecisionAccumulate: True for f32 accumulation.
rejecting solution 
Cijk_Alik_Bljk_HB_MT128x64x16_MI16x16x16x1_SN_1LDSB0_APM1_AAIGTEn1_AAILTEn1_AAV0_ABV0_ACED0_AF0EM1_AF1EM1_AMASn1_ASE_ASGT_ASLT_ASM_ASAE_ASBE_ASCE_ASDE_AS
EM1_AAC0_BL1_BS1_CUM0_CDO0_CTDA0_CLR0_DSK0_DRA0_DU16_DULD1_DTLA0_DTLB0_DTVA0_DTVB0_DAF0_DKP0_DVO0_ETSP_EPS1_ELFLR0_EMLL0_FSSC10_F16AI0_F16AIR0_FL0_GLVWAn
1_GLVWBn1_GR2A1_GR2B1_GRCGA1_GRCGB1_GRCVA1_GRCVB1_GRPM1_GRVW4_GSU1_GSUASB_GSUAA0_GSUSARR1_GSUWGMRR0_GLS0_ISA1201_IU1_IA0_KLA_LEL0_LBSPPAn1_LBSPPBn1_LPAn1
_LPBn1_LDL1_LR2A1_LR2B1_LRVWn1_LW2A1_LW2B1_LWPMn1_LDW0_LT1_FMA_MIAV1_MTSM64_MTSM1_MDA2_MI16_16_16_1_MO40_MVN256_MMFSC_MKFGSU256_MVN0_NR0_NTA0_NTB0_NTC0_N
TD0_NEPBS0_NLCA1_NLCB1_ONLL0_OPLV1_PBD0_PFD1_PG2_PSD0_PSLn1_PWCn1_PWLn1_PK0_PKAB0_PAP0_PAPM0_PGR0_PLR0_PKA0_RK0_SGR0_SIA0_SLW0_SS0_SU16_SUM0_SUS256_SCIU0
_SCIUE0_SCIUI1_SCIUPL0_SPO0_SRVW0_SSO0_SVWn1_SK0_SKA0_SKXCCM0_SNLL0_TSGRA0_TSGRB0_TT8_64_TLDS0_UIIDU0_UMLDSA0_UMLDSB0_UMF0_U64SL1_UIOFGRO0_USFGROn1_VAWn1
_VSn1_VW1_VWBn1_VFLRP0_WSGRA1_WSGRB1_WS32_WG16_2_1_WGM8_WGMTB

reject: WMMA V2 (gfx12+) non-HPA half/bf16 accumulation is not supported: packed f16 accumulators cause numVgprPerValuC=0 in the store path. Use HighPrecisionAccumulate: True for f32 accumulation.
rejecting solution 
Cijk_Alik_Bljk_HB_MT32x32x16_MI16x16x16x1_SN_1LDSB0_APM1_AAIGTEn1_AAILTEn1_AAV0_ABV0_ACED0_AF0EM1_AF1EM1_AMASn1_ASE_ASGT_ASLT_ASM_ASAE_ASBE_ASCE_ASDE_ASE
M1_AAC0_BL1_BS1_CUM0_CDO0_CTDA0_CLR0_DSK0_DRA0_DU16_DULD1_DTLA0_DTLB0_DTVA0_DTVB0_DAF0_DKP0_DVO0_ETSP_EPS1_ELFLR0_EMLL0_FSSC10_F16AI0_F16AIR0_FL0_GLVWAn1
_GLVWBn1_GR2A1_GR2B1_GRCGA1_GRCGB1_GRCVA1_GRCVB1_GRPM1_GRVW4_GSU1_GSUASB_GSUAA0_GSUSARR1_GSUWGMRR0_GLS0_ISA1201_IU1_IA0_KLA_LEL0_LBSPPAn1_LBSPPBn1_LPAn1_
LPBn1_LDL1_LR2A1_LR2B1_LRVWn1_LW2A1_LW2B1_LWPMn1_LDW0_LT1_FMA_MIAV1_MTSM64_MTSM1_MDA2_MI16_16_16_1_MO40_MVN256_MMFSC_MKFGSU256_MVN0_NR0_NTA0_NTB0_NTC0_NT
D0_NEPBS0_NLCA1_NLCB1_ONLL0_OPLV1_PBD0_PFD1_PG2_PSD0_PSLn1_PWCn1_PWLn1_PK0_PKAB0_PAP0_PAPM0_PGR0_PLR0_PKA0_RK0_SGR0_SIA0_SLW0_SS1_SU0_SUM0_SUS256_SCIU0_S
CIUE0_SCIUI1_SCIUPL0_SPO0_SRVW0_SSO0_SVWn1_SK0_SKA0_SKXCCM0_SNLL0_TSGRA0_TSGRB0_TT2_32_TLDS0_UIIDU0_UMLDSA0_UMLDSB0_UMF0_U64SL1_UIOFGRO0_USFGROn1_VAWn1_V
Sn1_VW1_VWBn1_VFLRP0_WSGRA0_WSGRB0_WS32_WG16_2_1_WGM8_WGMTB

reject: WMMA V2 (gfx12+) non-HPA half/bf16 accumulation is not supported: packed f16 accumulators cause numVgprPerValuC=0 in the store path. Use HighPrecisionAccumulate: True for f32 accumulation.
rejecting solution 
Cijk_Alik_Bljk_HB_MT32x32x16_MI16x16x16x1_SN_1LDSB0_APM1_AAIGTEn1_AAILTEn1_AAV0_ABV0_ACED0_AF0EM1_AF1EM1_AMASn1_ASE_ASGT_ASLT_ASM_ASAE_ASBE_ASCE_ASDE_ASE
M1_AAC0_BL1_BS1_CUM0_CDO0_CTDA0_CLR0_DSK0_DRA0_DU16_DULD1_DTLA0_DTLB0_DTVA0_DTVB0_DAF0_DKP0_DVO0_ETSP_EPS1_ELFLR0_EMLL0_FSSC10_F16AI0_F16AIR0_FL0_GLVWAn1
_GLVWBn1_GR2A1_GR2B1_GRCGA1_GRCGB1_GRCVA1_GRCVB1_GRPM1_GRVW4_GSU1_GSUASB_GSUAA0_GSUSARR1_GSUWGMRR0_GLS0_ISA1201_IU1_IA0_KLA_LEL0_LBSPPAn1_LBSPPBn1_LPAn1_
LPBn1_LDL1_LR2A1_LR2B1_LRVWn1_LW2A1_LW2B1_LWPMn1_LDW0_LT1_FMA_MIAV1_MTSM64_MTSM1_MDA2_MI16_16_16_1_MO40_MVN256_MMFSC_MKFGSU256_MVN0_NR0_NTA0_NTB0_NTC0_NT
D0_NEPBS0_NLCA1_NLCB1_ONLL0_OPLV1_PBD0_PFD1_PG2_PSD0_PSLn1_PWCn1_PWLn1_PK0_PKAB0_PAP0_PAPM0_PGR0_PLR0_PKA0_RK0_SGR0_SIA0_SLW0_SS1_SU0_SUM0_SUS256_SCIU0_S
CIUE0_SCIUI1_SCIUPL0_SPO0_SRVW0_SSO0_SVWn1_SK0_SKA0_SKXCCM0_SNLL0_TSGRA0_TSGRB0_TT2_32_TLDS0_UIIDU0_UMLDSA0_UMLDSB0_UMF0_U64SL1_UIOFGRO0_USFGROn1_VAWn1_V
Sn1_VW1_VWBn1_VFLRP0_WSGRA1_WSGRB0_WS32_WG16_2_1_WGM8_WGMTB

reject: WMMA V2 (gfx12+) non-HPA half/bf16 accumulation is not supported: packed f16 accumulators cause numVgprPerValuC=0 in the store path. Use HighPrecisionAccumulate: True for f32 accumulation.
rejecting solution 
Cijk_Alik_Bljk_HB_MT32x32x16_MI16x16x16x1_SN_1LDSB0_APM1_AAIGTEn1_AAILTEn1_AAV0_ABV0_ACED0_AF0EM1_AF1EM1_AMASn1_ASE_ASGT_ASLT_ASM_ASAE_ASBE_ASCE_ASDE_ASE
M1_AAC0_BL1_BS1_CUM0_CDO0_CTDA0_CLR0_DSK0_DRA0_DU16_DULD1_DTLA0_DTLB0_DTVA0_DTVB0_DAF0_DKP0_DVO0_ETSP_EPS1_ELFLR0_EMLL0_FSSC10_F16AI0_F16AIR0_FL0_GLVWAn1
_GLVWBn1_GR2A1_GR2B1_GRCGA1_GRCGB1_GRCVA1_GRCVB1_GRPM1_GRVW4_GSU1_GSUASB_GSUAA0_GSUSARR1_GSUWGMRR0_GLS0_ISA1201_IU1_IA0_KLA_LEL0_LBSPPAn1_LBSPPBn1_LPAn1_
LPBn1_LDL1_LR2A1_LR2B1_LRVWn1_LW2A1_LW2B1_LWPMn1_LDW0_LT1_FMA_MIAV1_MTSM64_MTSM1_MDA2_MI16_16_16_1_MO40_MVN256_MMFSC_MKFGSU256_MVN0_NR0_NTA0_NTB0_NTC0_NT
D0_NEPBS0_NLCA1_NLCB1_ONLL0_OPLV1_PBD0_PFD1_PG2_PSD0_PSLn1_PWCn1_PWLn1_PK0_PKAB0_PAP0_PAPM0_PGR0_PLR0_PKA0_RK0_SGR0_SIA0_SLW0_SS1_SU0_SUM0_SUS256_SCIU0_S
CIUE0_SCIUI1_SCIUPL0_SPO0_SRVW0_SSO0_SVWn1_SK0_SKA0_SKXCCM0_SNLL0_TSGRA0_TSGRB0_TT2_32_TLDS0_UIIDU0_UMLDSA0_UMLDSB0_UMF0_U64SL1_UIOFGRO0_USFGROn1_VAWn1_V
Sn1_VW1_VWBn1_VFLRP0_WSGRA0_WSGRB1_WS32_WG16_2_1_WGM8_WGMTB

reject: WMMA V2 (gfx12+) non-HPA half/bf16 accumulation is not supported: packed f16 accumulators cause numVgprPerValuC=0 in the store path. Use HighPrecisionAccumulate: True for f32 accumulation.
rejecting solution 
Cijk_Alik_Bljk_HB_MT32x32x16_MI16x16x16x1_SN_1LDSB0_APM1_AAIGTEn1_AAILTEn1_AAV0_ABV0_ACED0_AF0EM1_AF1EM1_AMASn1_ASE_ASGT_ASLT_ASM_ASAE_ASBE_ASCE_ASDE_ASE
M1_AAC0_BL1_BS1_CUM0_CDO0_CTDA0_CLR0_DSK0_DRA0_DU16_DULD1_DTLA0_DTLB0_DTVA0_DTVB0_DAF0_DKP0_DVO0_ETSP_EPS1_ELFLR0_EMLL0_FSSC10_F16AI0_F16AIR0_FL0_GLVWAn1
_GLVWBn1_GR2A1_GR2B1_GRCGA1_GRCGB1_GRCVA1_GRCVB1_GRPM1_GRVW4_GSU1_GSUASB_GSUAA0_GSUSARR1_GSUWGMRR0_GLS0_ISA1201_IU1_IA0_KLA_LEL0_LBSPPAn1_LBSPPBn1_LPAn1_
LPBn1_LDL1_LR2A1_LR2B1_LRVWn1_LW2A1_LW2B1_LWPMn1_LDW0_LT1_FMA_MIAV1_MTSM64_MTSM1_MDA2_MI16_16_16_1_MO40_MVN256_MMFSC_MKFGSU256_MVN0_NR0_NTA0_NTB0_NTC0_NT
D0_NEPBS0_NLCA1_NLCB1_ONLL0_OPLV1_PBD0_PFD1_PG2_PSD0_PSLn1_PWCn1_PWLn1_PK0_PKAB0_PAP0_PAPM0_PGR0_PLR0_PKA0_RK0_SGR0_SIA0_SLW0_SS1_SU0_SUM0_SUS256_SCIU0_S
CIUE0_SCIUI1_SCIUPL0_SPO0_SRVW0_SSO0_SVWn1_SK0_SKA0_SKXCCM0_SNLL0_TSGRA0_TSGRB0_TT2_32_TLDS0_UIIDU0_UMLDSA0_UMLDSB0_UMF0_U64SL1_UIOFGRO0_USFGROn1_VAWn1_V
Sn1_VW1_VWBn1_VFLRP0_WSGRA1_WSGRB1_WS32_WG16_2_1_WGM8_WGMTB

reject: WMMA V2 (gfx12+) non-HPA half/bf16 accumulation is not supported: packed f16 accumulators cause numVgprPerValuC=0 in the store path. Use HighPrecisionAccumulate: True for f32 accumulation.
rejecting solution 
Cijk_Alik_Bljk_HB_MT32x32x16_MI16x16x16x1_SN_1LDSB0_APM1_AAIGTEn1_AAILTEn1_AAV0_ABV0_ACED0_AF0EM1_AF1EM1_AMASn1_ASE_ASGT_ASLT_ASM_ASAE_ASBE_ASCE_ASDE_ASE
M1_AAC0_BL1_BS1_CUM0_CDO0_CTDA0_CLR0_DSK0_DRA0_DU16_DULD1_DTLA0_DTLB0_DTVA0_DTVB0_DAF0_DKP0_DVO0_ETSP_EPS1_ELFLR0_EMLL0_FSSC10_F16AI0_F16AIR0_FL0_GLVWAn1
_GLVWBn1_GR2A1_GR2B1_GRCGA1_GRCGB1_GRCVA1_GRCVB1_GRPM1_GRVW4_GSU1_GSUASB_GSUAA0_GSUSARR1_GSUWGMRR0_GLS0_ISA1201_IU1_IA0_KLA_LEL0_LBSPPAn1_LBSPPBn1_LPAn1_
LPBn1_LDL1_LR2A1_LR2B1_LRVWn1_LW2A1_LW2B1_LWPMn1_LDW0_LT1_FMA_MIAV1_MTSM64_MTSM1_MDA2_MI16_16_16_1_MO40_MVN256_MMFSC_MKFGSU256_MVN0_NR0_NTA0_NTB0_NTC0_NT
D0_NEPBS0_NLCA1_NLCB1_ONLL0_OPLV1_PBD0_PFD1_PG2_PSD0_PSLn1_PWCn1_PWLn1_PK0_PKAB0_PAP0_PAPM0_PGR0_PLR0_PKA0_RK0_SGR0_SIA0_SLW0_SS1_SU16_SUM0_SUS256_SCIU0_
SCIUE0_SCIUI1_SCIUPL0_SPO0_SRVW0_SSO0_SVWn1_SK0_SKA0_SKXCCM0_SNLL0_TSGRA0_TSGRB0_TT2_32_TLDS0_UIIDU0_UMLDSA0_UMLDSB0_UMF0_U64SL1_UIOFGRO0_USFGROn1_VAWn1_
VSn1_VW1_VWBn1_VFLRP0_WSGRA0_WSGRB0_WS32_WG16_2_1_WGM8_WGMTB

reject: WMMA V2 (gfx12+) non-HPA half/bf16 accumulation is not supported: packed f16 accumulators cause numVgprPerValuC=0 in the store path. Use HighPrecisionAccumulate: True for f32 accumulation.
rejecting solution 
Cijk_Alik_Bljk_HB_MT32x32x16_MI16x16x16x1_SN_1LDSB0_APM1_AAIGTEn1_AAILTEn1_AAV0_ABV0_ACED0_AF0EM1_AF1EM1_AMASn1_ASE_ASGT_ASLT_ASM_ASAE_ASBE_ASCE_ASDE_ASE
M1_AAC0_BL1_BS1_CUM0_CDO0_CTDA0_CLR0_DSK0_DRA0_DU16_DULD1_DTLA0_DTLB0_DTVA0_DTVB0_DAF0_DKP0_DVO0_ETSP_EPS1_ELFLR0_EMLL0_FSSC10_F16AI0_F16AIR0_FL0_GLVWAn1
_GLVWBn1_GR2A1_GR2B1_GRCGA1_GRCGB1_GRCVA1_GRCVB1_GRPM1_GRVW4_GSU1_GSUASB_GSUAA0_GSUSARR1_GSUWGMRR0_GLS0_ISA1201_IU1_IA0_KLA_LEL0_LBSPPAn1_LBSPPBn1_LPAn1_
LPBn1_LDL1_LR2A1_LR2B1_LRVWn1_LW2A1_LW2B1_LWPMn1_LDW0_LT1_FMA_MIAV1_MTSM64_MTSM1_MDA2_MI16_16_16_1_MO40_MVN256_MMFSC_MKFGSU256_MVN0_NR0_NTA0_NTB0_NTC0_NT
D0_NEPBS0_NLCA1_NLCB1_ONLL0_OPLV1_PBD0_PFD1_PG2_PSD0_PSLn1_PWCn1_PWLn1_PK0_PKAB0_PAP0_PAPM0_PGR0_PLR0_PKA0_RK0_SGR0_SIA0_SLW0_SS1_SU16_SUM0_SUS256_SCIU0_
SCIUE0_SCIUI1_SCIUPL0_SPO0_SRVW0_SSO0_SVWn1_SK0_SKA0_SKXCCM0_SNLL0_TSGRA0_TSGRB0_TT2_32_TLDS0_UIIDU0_UMLDSA0_UMLDSB0_UMF0_U64SL1_UIOFGRO0_USFGROn1_VAWn1_
VSn1_VW1_VWBn1_VFLRP0_WSGRA1_WSGRB0_WS32_WG16_2_1_WGM8_WGMTB

reject: WMMA V2 (gfx12+) non-HPA half/bf16 accumulation is not supported: packed f16 accumulators cause numVgprPerValuC=0 in the store path. Use HighPrecisionAccumulate: True for f32 accumulation.
rejecting solution 
Cijk_Alik_Bljk_HB_MT32x32x16_MI16x16x16x1_SN_1LDSB0_APM1_AAIGTEn1_AAILTEn1_AAV0_ABV0_ACED0_AF0EM1_AF1EM1_AMASn1_ASE_ASGT_ASLT_ASM_ASAE_ASBE_ASCE_ASDE_ASE
M1_AAC0_BL1_BS1_CUM0_CDO0_CTDA0_CLR0_DSK0_DRA0_DU16_DULD1_DTLA0_DTLB0_DTVA0_DTVB0_DAF0_DKP0_DVO0_ETSP_EPS1_ELFLR0_EMLL0_FSSC10_F16AI0_F16AIR0_FL0_GLVWAn1
_GLVWBn1_GR2A1_GR2B1_GRCGA1_GRCGB1_GRCVA1_GRCVB1_GRPM1_GRVW4_GSU1_GSUASB_GSUAA0_GSUSARR1_GSUWGMRR0_GLS0_ISA1201_IU1_IA0_KLA_LEL0_LBSPPAn1_LBSPPBn1_LPAn1_
LPBn1_LDL1_LR2A1_LR2B1_LRVWn1_LW2A1_LW2B1_LWPMn1_LDW0_LT1_FMA_MIAV1_MTSM64_MTSM1_MDA2_MI16_16_16_1_MO40_MVN256_MMFSC_MKFGSU256_MVN0_NR0_NTA0_NTB0_NTC0_NT
D0_NEPBS0_NLCA1_NLCB1_ONLL0_OPLV1_PBD0_PFD1_PG2_PSD0_PSLn1_PWCn1_PWLn1_PK0_PKAB0_PAP0_PAPM0_PGR0_PLR0_PKA0_RK0_SGR0_SIA0_SLW0_SS1_SU16_SUM0_SUS256_SCIU0_
SCIUE0_SCIUI1_SCIUPL0_SPO0_SRVW0_SSO0_SVWn1_SK0_SKA0_SKXCCM0_SNLL0_TSGRA0_TSGRB0_TT2_32_TLDS0_UIIDU0_UMLDSA0_UMLDSB0_UMF0_U64SL1_UIOFGRO0_USFGROn1_VAWn1_
VSn1_VW1_VWBn1_VFLRP0_WSGRA0_WSGRB1_WS32_WG16_2_1_WGM8_WGMTB

reject: WMMA V2 (gfx12+) non-HPA half/bf16 accumulation is not supported: packed f16 accumulators cause numVgprPerValuC=0 in the store path. Use HighPrecisionAccumulate: True for f32 accumulation.
rejecting solution 
Cijk_Alik_Bljk_HB_MT32x32x16_MI16x16x16x1_SN_1LDSB0_APM1_AAIGTEn1_AAILTEn1_AAV0_ABV0_ACED0_AF0EM1_AF1EM1_AMASn1_ASE_ASGT_ASLT_ASM_ASAE_ASBE_ASCE_ASDE_ASE
M1_AAC0_BL1_BS1_CUM0_CDO0_CTDA0_CLR0_DSK0_DRA0_DU16_DULD1_DTLA0_DTLB0_DTVA0_DTVB0_DAF0_DKP0_DVO0_ETSP_EPS1_ELFLR0_EMLL0_FSSC10_F16AI0_F16AIR0_FL0_GLVWAn1
_GLVWBn1_GR2A1_GR2B1_GRCGA1_GRCGB1_GRCVA1_GRCVB1_GRPM1_GRVW4_GSU1_GSUASB_GSUAA0_GSUSARR1_GSUWGMRR0_GLS0_ISA1201_IU1_IA0_KLA_LEL0_LBSPPAn1_LBSPPBn1_LPAn1_
LPBn1_LDL1_LR2A1_LR2B1_LRVWn1_LW2A1_LW2B1_LWPMn1_LDW0_LT1_FMA_MIAV1_MTSM64_MTSM1_MDA2_MI16_16_16_1_MO40_MVN256_MMFSC_MKFGSU256_MVN0_NR0_NTA0_NTB0_NTC0_NT
D0_NEPBS0_NLCA1_NLCB1_ONLL0_OPLV1_PBD0_PFD1_PG2_PSD0_PSLn1_PWCn1_PWLn1_PK0_PKAB0_PAP0_PAPM0_PGR0_PLR0_PKA0_RK0_SGR0_SIA0_SLW0_SS1_SU16_SUM0_SUS256_SCIU0_
SCIUE0_SCIUI1_SCIUPL0_SPO0_SRVW0_SSO0_SVWn1_SK0_SKA0_SKXCCM0_SNLL0_TSGRA0_TSGRB0_TT2_32_TLDS0_UIIDU0_UMLDSA0_UMLDSB0_UMF0_U64SL1_UIOFGRO0_USFGROn1_VAWn1_
VSn1_VW1_VWBn1_VFLRP0_WSGRA1_WSGRB1_WS32_WG16_2_1_WGM8_WGMTB

reject: WMMA V2 (gfx12+) non-HPA half/bf16 accumulation is not supported: packed f16 accumulators cause numVgprPerValuC=0 in the store path. Use HighPrecisionAccumulate: True for f32 accumulation.
rejecting solution 
Cijk_Alik_Bljk_HB_MT64x64x16_MI16x16x16x1_SN_1LDSB0_APM1_AAIGTEn1_AAILTEn1_AAV0_ABV0_ACED0_AF0EM1_AF1EM1_AMASn1_ASE_ASGT_ASLT_ASM_ASAE_ASBE_ASCE_ASDE_ASE
M1_AAC0_BL1_BS1_CUM0_CDO0_CTDA0_CLR0_DSK0_DRA0_DU16_DULD1_DTLA0_DTLB0_DTVA0_DTVB0_DAF0_DKP0_DVO0_ETSP_EPS1_ELFLR0_EMLL0_FSSC10_F16AI0_F16AIR0_FL0_GLVWAn1
_GLVWBn1_GR2A1_GR2B1_GRCGA1_GRCGB1_GRCVA1_GRCVB1_GRPM1_GRVW4_GSU1_GSUASB_GSUAA0_GSUSARR1_GSUWGMRR0_GLS0_ISA1201_IU1_IA0_KLA_LEL0_LBSPPAn1_LBSPPBn1_LPAn1_
LPBn1_LDL1_LR2A1_LR2B1_LRVWn1_LW2A1_LW2B1_LWPMn1_LDW0_LT1_FMA_MIAV1_MTSM64_MTSM1_MDA2_MI16_16_16_1_MO40_MVN256_MMFSC_MKFGSU256_MVN0_NR0_NTA0_NTB0_NTC0_NT
D0_NEPBS0_NLCA1_NLCB1_ONLL0_OPLV1_PBD0_PFD1_PG2_PSD0_PSLn1_PWCn1_PWLn1_PK0_PKAB0_PAP0_PAPM0_PGR0_PLR0_PKA0_RK0_SGR0_SIA0_SLW0_SS1_SU0_SUM0_SUS256_SCIU0_S
CIUE0_SCIUI1_SCIUPL0_SPO0_SRVW0_SSO0_SVWn1_SK0_SKA0_SKXCCM0_SNLL0_TSGRA0_TSGRB0_TT4_64_TLDS0_UIIDU0_UMLDSA0_UMLDSB0_UMF0_U64SL1_UIOFGRO0_USFGROn1_VAWn1_V
Sn1_VW1_VWBn1_VFLRP0_WSGRA0_WSGRB0_WS32_WG16_2_1_WGM8_WGMTB

reject: WMMA V2 (gfx12+) non-HPA half/bf16 accumulation is not supported: packed f16 accumulators cause numVgprPerValuC=0 in the store path. Use HighPrecisionAccumulate: True for f32 accumulation.
rejecting solution 
Cijk_Alik_Bljk_HB_MT64x64x16_MI16x16x16x1_SN_1LDSB0_APM1_AAIGTEn1_AAILTEn1_AAV0_ABV0_ACED0_AF0EM1_AF1EM1_AMASn1_ASE_ASGT_ASLT_ASM_ASAE_ASBE_ASCE_ASDE_ASE
M1_AAC0_BL1_BS1_CUM0_CDO0_CTDA0_CLR0_DSK0_DRA0_DU16_DULD1_DTLA0_DTLB0_DTVA0_DTVB0_DAF0_DKP0_DVO0_ETSP_EPS1_ELFLR0_EMLL0_FSSC10_F16AI0_F16AIR0_FL0_GLVWAn1
_GLVWBn1_GR2A1_GR2B1_GRCGA1_GRCGB1_GRCVA1_GRCVB1_GRPM1_GRVW4_GSU1_GSUASB_GSUAA0_GSUSARR1_GSUWGMRR0_GLS0_ISA1201_IU1_IA0_KLA_LEL0_LBSPPAn1_LBSPPBn1_LPAn1_
LPBn1_LDL1_LR2A1_LR2B1_LRVWn1_LW2A1_LW2B1_LWPMn1_LDW0_LT1_FMA_MIAV1_MTSM64_MTSM1_MDA2_MI16_16_16_1_MO40_MVN256_MMFSC_MKFGSU256_MVN0_NR0_NTA0_NTB0_NTC0_NT
D0_NEPBS0_NLCA1_NLCB1_ONLL0_OPLV1_PBD0_PFD1_PG2_PSD0_PSLn1_PWCn1_PWLn1_PK0_PKAB0_PAP0_PAPM0_PGR0_PLR0_PKA0_RK0_SGR0_SIA0_SLW0_SS1_SU0_SUM0_SUS256_SCIU0_S
CIUE0_SCIUI1_SCIUPL0_SPO0_SRVW0_SSO0_SVWn1_SK0_SKA0_SKXCCM0_SNLL0_TSGRA0_TSGRB0_TT4_64_TLDS0_UIIDU0_UMLDSA0_UMLDSB0_UMF0_U64SL1_UIOFGRO0_USFGROn1_VAWn1_V
Sn1_VW1_VWBn1_VFLRP0_WSGRA1_WSGRB0_WS32_WG16_2_1_WGM8_WGMTB

reject: WMMA V2 (gfx12+) non-HPA half/bf16 accumulation is not supported: packed f16 accumulators cause numVgprPerValuC=0 in the store path. Use HighPrecisionAccumulate: True for f32 accumulation.
rejecting solution 
Cijk_Alik_Bljk_HB_MT64x64x16_MI16x16x16x1_SN_1LDSB0_APM1_AAIGTEn1_AAILTEn1_AAV0_ABV0_ACED0_AF0EM1_AF1EM1_AMASn1_ASE_ASGT_ASLT_ASM_ASAE_ASBE_ASCE_ASDE_ASE
M1_AAC0_BL1_BS1_CUM0_CDO0_CTDA0_CLR0_DSK0_DRA0_DU16_DULD1_DTLA0_DTLB0_DTVA0_DTVB0_DAF0_DKP0_DVO0_ETSP_EPS1_ELFLR0_EMLL0_FSSC10_F16AI0_F16AIR0_FL0_GLVWAn1
_GLVWBn1_GR2A1_GR2B1_GRCGA1_GRCGB1_GRCVA1_GRCVB1_GRPM1_GRVW4_GSU1_GSUASB_GSUAA0_GSUSARR1_GSUWGMRR0_GLS0_ISA1201_IU1_IA0_KLA_LEL0_LBSPPAn1_LBSPPBn1_LPAn1_
LPBn1_LDL1_LR2A1_LR2B1_LRVWn1_LW2A1_LW2B1_LWPMn1_LDW0_LT1_FMA_MIAV1_MTSM64_MTSM1_MDA2_MI16_16_16_1_MO40_MVN256_MMFSC_MKFGSU256_MVN0_NR0_NTA0_NTB0_NTC0_NT
D0_NEPBS0_NLCA1_NLCB1_ONLL0_OPLV1_PBD0_PFD1_PG2_PSD0_PSLn1_PWCn1_PWLn1_PK0_PKAB0_PAP0_PAPM0_PGR0_PLR0_PKA0_RK0_SGR0_SIA0_SLW0_SS1_SU0_SUM0_SUS256_SCIU0_S
CIUE0_SCIUI1_SCIUPL0_SPO0_SRVW0_SSO0_SVWn1_SK0_SKA0_SKXCCM0_SNLL0_TSGRA0_TSGRB0_TT4_64_TLDS0_UIIDU0_UMLDSA0_UMLDSB0_UMF0_U64SL1_UIOFGRO0_USFGROn1_VAWn1_V
Sn1_VW1_VWBn1_VFLRP0_WSGRA0_WSGRB1_WS32_WG16_2_1_WGM8_WGMTB

reject: WMMA V2 (gfx12+) non-HPA half/bf16 accumulation is not supported: packed f16 accumulators cause numVgprPerValuC=0 in the store path. Use HighPrecisionAccumulate: True for f32 accumulation.
rejecting solution 
Cijk_Alik_Bljk_HB_MT64x64x16_MI16x16x16x1_SN_1LDSB0_APM1_AAIGTEn1_AAILTEn1_AAV0_ABV0_ACED0_AF0EM1_AF1EM1_AMASn1_ASE_ASGT_ASLT_ASM_ASAE_ASBE_ASCE_ASDE_ASE
M1_AAC0_BL1_BS1_CUM0_CDO0_CTDA0_CLR0_DSK0_DRA0_DU16_DULD1_DTLA0_DTLB0_DTVA0_DTVB0_DAF0_DKP0_DVO0_ETSP_EPS1_ELFLR0_EMLL0_FSSC10_F16AI0_F16AIR0_FL0_GLVWAn1
_GLVWBn1_GR2A1_GR2B1_GRCGA1_GRCGB1_GRCVA1_GRCVB1_GRPM1_GRVW4_GSU1_GSUASB_GSUAA0_GSUSARR1_GSUWGMRR0_GLS0_ISA1201_IU1_IA0_KLA_LEL0_LBSPPAn1_LBSPPBn1_LPAn1_
LPBn1_LDL1_LR2A1_LR2B1_LRVWn1_LW2A1_LW2B1_LWPMn1_LDW0_LT1_FMA_MIAV1_MTSM64_MTSM1_MDA2_MI16_16_16_1_MO40_MVN256_MMFSC_MKFGSU256_MVN0_NR0_NTA0_NTB0_NTC0_NT
D0_NEPBS0_NLCA1_NLCB1_ONLL0_OPLV1_PBD0_PFD1_PG2_PSD0_PSLn1_PWCn1_PWLn1_PK0_PKAB0_PAP0_PAPM0_PGR0_PLR0_PKA0_RK0_SGR0_SIA0_SLW0_SS1_SU0_SUM0_SUS256_SCIU0_S
CIUE0_SCIUI1_SCIUPL0_SPO0_SRVW0_SSO0_SVWn1_SK0_SKA0_SKXCCM0_SNLL0_TSGRA0_TSGRB0_TT4_64_TLDS0_UIIDU0_UMLDSA0_UMLDSB0_UMF0_U64SL1_UIOFGRO0_USFGROn1_VAWn1_V
Sn1_VW1_VWBn1_VFLRP0_WSGRA1_WSGRB1_WS32_WG16_2_1_WGM8_WGMTB

reject: WMMA V2 (gfx12+) non-HPA half/bf16 accumulation is not supported: packed f16 accumulators cause numVgprPerValuC=0 in the store path. Use HighPrecisionAccumulate: True for f32 accumulation.
rejecting solution 
Cijk_Alik_Bljk_HB_MT64x64x16_MI16x16x16x1_SN_1LDSB0_APM1_AAIGTEn1_AAILTEn1_AAV0_ABV0_ACED0_AF0EM1_AF1EM1_AMASn1_ASE_ASGT_ASLT_ASM_ASAE_ASBE_ASCE_ASDE_ASE
M1_AAC0_BL1_BS1_CUM0_CDO0_CTDA0_CLR0_DSK0_DRA0_DU16_DULD1_DTLA0_DTLB0_DTVA0_DTVB0_DAF0_DKP0_DVO0_ETSP_EPS1_ELFLR0_EMLL0_FSSC10_F16AI0_F16AIR0_FL0_GLVWAn1
_GLVWBn1_GR2A1_GR2B1_GRCGA1_GRCGB1_GRCVA1_GRCVB1_GRPM1_GRVW4_GSU1_GSUASB_GSUAA0_GSUSARR1_GSUWGMRR0_GLS0_ISA1201_IU1_IA0_KLA_LEL0_LBSPPAn1_LBSPPBn1_LPAn1_
LPBn1_LDL1_LR2A1_LR2B1_LRVWn1_LW2A1_LW2B1_LWPMn1_LDW0_LT1_FMA_MIAV1_MTSM64_MTSM1_MDA2_MI16_16_16_1_MO40_MVN256_MMFSC_MKFGSU256_MVN0_NR0_NTA0_NTB0_NTC0_NT
D0_NEPBS0_NLCA1_NLCB1_ONLL0_OPLV1_PBD0_PFD1_PG2_PSD0_PSLn1_PWCn1_PWLn1_PK0_PKAB0_PAP0_PAPM0_PGR0_PLR0_PKA0_RK0_SGR0_SIA0_SLW0_SS1_SU16_SUM0_SUS256_SCIU0_
SCIUE0_SCIUI1_SCIUPL0_SPO0_SRVW0_SSO0_SVWn1_SK0_SKA0_SKXCCM0_SNLL0_TSGRA0_TSGRB0_TT4_64_TLDS0_UIIDU0_UMLDSA0_UMLDSB0_UMF0_U64SL1_UIOFGRO0_USFGROn1_VAWn1_
VSn1_VW1_VWBn1_VFLRP0_WSGRA0_WSGRB0_WS32_WG16_2_1_WGM8_WGMTB

reject: WMMA V2 (gfx12+) non-HPA half/bf16 accumulation is not supported: packed f16 accumulators cause numVgprPerValuC=0 in the store path. Use HighPrecisionAccumulate: True for f32 accumulation.
rejecting solution 
Cijk_Alik_Bljk_HB_MT64x64x16_MI16x16x16x1_SN_1LDSB0_APM1_AAIGTEn1_AAILTEn1_AAV0_ABV0_ACED0_AF0EM1_AF1EM1_AMASn1_ASE_ASGT_ASLT_ASM_ASAE_ASBE_ASCE_ASDE_ASE
M1_AAC0_BL1_BS1_CUM0_CDO0_CTDA0_CLR0_DSK0_DRA0_DU16_DULD1_DTLA0_DTLB0_DTVA0_DTVB0_DAF0_DKP0_DVO0_ETSP_EPS1_ELFLR0_EMLL0_FSSC10_F16AI0_F16AIR0_FL0_GLVWAn1
_GLVWBn1_GR2A1_GR2B1_GRCGA1_GRCGB1_GRCVA1_GRCVB1_GRPM1_GRVW4_GSU1_GSUASB_GSUAA0_GSUSARR1_GSUWGMRR0_GLS0_ISA1201_IU1_IA0_KLA_LEL0_LBSPPAn1_LBSPPBn1_LPAn1_
LPBn1_LDL1_LR2A1_LR2B1_LRVWn1_LW2A1_LW2B1_LWPMn1_LDW0_LT1_FMA_MIAV1_MTSM64_MTSM1_MDA2_MI16_16_16_1_MO40_MVN256_MMFSC_MKFGSU256_MVN0_NR0_NTA0_NTB0_NTC0_NT
D0_NEPBS0_NLCA1_NLCB1_ONLL0_OPLV1_PBD0_PFD1_PG2_PSD0_PSLn1_PWCn1_PWLn1_PK0_PKAB0_PAP0_PAPM0_PGR0_PLR0_PKA0_RK0_SGR0_SIA0_SLW0_SS1_SU16_SUM0_SUS256_SCIU0_
SCIUE0_SCIUI1_SCIUPL0_SPO0_SRVW0_SSO0_SVWn1_SK0_SKA0_SKXCCM0_SNLL0_TSGRA0_TSGRB0_TT4_64_TLDS0_UIIDU0_UMLDSA0_UMLDSB0_UMF0_U64SL1_UIOFGRO0_USFGROn1_VAWn1_
VSn1_VW1_VWBn1_VFLRP0_WSGRA1_WSGRB0_WS32_WG16_2_1_WGM8_WGMTB

reject: WMMA V2 (gfx12+) non-HPA half/bf16 accumulation is not supported: packed f16 accumulators cause numVgprPerValuC=0 in the store path. Use HighPrecisionAccumulate: True for f32 accumulation.
rejecting solution 
Cijk_Alik_Bljk_HB_MT64x64x16_MI16x16x16x1_SN_1LDSB0_APM1_AAIGTEn1_AAILTEn1_AAV0_ABV0_ACED0_AF0EM1_AF1EM1_AMASn1_ASE_ASGT_ASLT_ASM_ASAE_ASBE_ASCE_ASDE_ASE
M1_AAC0_BL1_BS1_CUM0_CDO0_CTDA0_CLR0_DSK0_DRA0_DU16_DULD1_DTLA0_DTLB0_DTVA0_DTVB0_DAF0_DKP0_DVO0_ETSP_EPS1_ELFLR0_EMLL0_FSSC10_F16AI0_F16AIR0_FL0_GLVWAn1
_GLVWBn1_GR2A1_GR2B1_GRCGA1_GRCGB1_GRCVA1_GRCVB1_GRPM1_GRVW4_GSU1_GSUASB_GSUAA0_GSUSARR1_GSUWGMRR0_GLS0_ISA1201_IU1_IA0_KLA_LEL0_LBSPPAn1_LBSPPBn1_LPAn1_
LPBn1_LDL1_LR2A1_LR2B1_LRVWn1_LW2A1_LW2B1_LWPMn1_LDW0_LT1_FMA_MIAV1_MTSM64_MTSM1_MDA2_MI16_16_16_1_MO40_MVN256_MMFSC_MKFGSU256_MVN0_NR0_NTA0_NTB0_NTC0_NT
D0_NEPBS0_NLCA1_NLCB1_ONLL0_OPLV1_PBD0_PFD1_PG2_PSD0_PSLn1_PWCn1_PWLn1_PK0_PKAB0_PAP0_PAPM0_PGR0_PLR0_PKA0_RK0_SGR0_SIA0_SLW0_SS1_SU16_SUM0_SUS256_SCIU0_
SCIUE0_SCIUI1_SCIUPL0_SPO0_SRVW0_SSO0_SVWn1_SK0_SKA0_SKXCCM0_SNLL0_TSGRA0_TSGRB0_TT4_64_TLDS0_UIIDU0_UMLDSA0_UMLDSB0_UMF0_U64SL1_UIOFGRO0_USFGROn1_VAWn1_
VSn1_VW1_VWBn1_VFLRP0_WSGRA0_WSGRB1_WS32_WG16_2_1_WGM8_WGMTB

reject: WMMA V2 (gfx12+) non-HPA half/bf16 accumulation is not supported: packed f16 accumulators cause numVgprPerValuC=0 in the store path. Use HighPrecisionAccumulate: True for f32 accumulation.
rejecting solution 
Cijk_Alik_Bljk_HB_MT64x64x16_MI16x16x16x1_SN_1LDSB0_APM1_AAIGTEn1_AAILTEn1_AAV0_ABV0_ACED0_AF0EM1_AF1EM1_AMASn1_ASE_ASGT_ASLT_ASM_ASAE_ASBE_ASCE_ASDE_ASE
M1_AAC0_BL1_BS1_CUM0_CDO0_CTDA0_CLR0_DSK0_DRA0_DU16_DULD1_DTLA0_DTLB0_DTVA0_DTVB0_DAF0_DKP0_DVO0_ETSP_EPS1_ELFLR0_EMLL0_FSSC10_F16AI0_F16AIR0_FL0_GLVWAn1
_GLVWBn1_GR2A1_GR2B1_GRCGA1_GRCGB1_GRCVA1_GRCVB1_GRPM1_GRVW4_GSU1_GSUASB_GSUAA0_GSUSARR1_GSUWGMRR0_GLS0_ISA1201_IU1_IA0_KLA_LEL0_LBSPPAn1_LBSPPBn1_LPAn1_
LPBn1_LDL1_LR2A1_LR2B1_LRVWn1_LW2A1_LW2B1_LWPMn1_LDW0_LT1_FMA_MIAV1_MTSM64_MTSM1_MDA2_MI16_16_16_1_MO40_MVN256_MMFSC_MKFGSU256_MVN0_NR0_NTA0_NTB0_NTC0_NT
D0_NEPBS0_NLCA1_NLCB1_ONLL0_OPLV1_PBD0_PFD1_PG2_PSD0_PSLn1_PWCn1_PWLn1_PK0_PKAB0_PAP0_PAPM0_PGR0_PLR0_PKA0_RK0_SGR0_SIA0_SLW0_SS1_SU16_SUM0_SUS256_SCIU0_
SCIUE0_SCIUI1_SCIUPL0_SPO0_SRVW0_SSO0_SVWn1_SK0_SKA0_SKXCCM0_SNLL0_TSGRA0_TSGRB0_TT4_64_TLDS0_UIIDU0_UMLDSA0_UMLDSB0_UMF0_U64SL1_UIOFGRO0_USFGROn1_VAWn1_
VSn1_VW1_VWBn1_VFLRP0_WSGRA1_WSGRB1_WS32_WG16_2_1_WGM8_WGMTB

reject: WMMA V2 (gfx12+) non-HPA half/bf16 accumulation is not supported: packed f16 accumulators cause numVgprPerValuC=0 in the store path. Use HighPrecisionAccumulate: True for f32 accumulation.
rejecting solution 
Cijk_Alik_Bljk_HB_MT64x128x16_MI16x16x16x1_SN_1LDSB0_APM1_AAIGTEn1_AAILTEn1_AAV0_ABV0_ACED0_AF0EM1_AF1EM1_AMASn1_ASE_ASGT_ASLT_ASM_ASAE_ASBE_ASCE_ASDE_AS
EM1_AAC0_BL1_BS1_CUM0_CDO0_CTDA0_CLR0_DSK0_DRA0_DU16_DULD1_DTLA0_DTLB0_DTVA0_DTVB0_DAF0_DKP0_DVO0_ETSP_EPS1_ELFLR0_EMLL0_FSSC10_F16AI0_F16AIR0_FL0_GLVWAn
1_GLVWBn1_GR2A1_GR2B1_GRCGA1_GRCGB1_GRCVA1_GRCVB1_GRPM1_GRVW4_GSU1_GSUASB_GSUAA0_GSUSARR1_GSUWGMRR0_GLS0_ISA1201_IU1_IA0_KLA_LEL0_LBSPPAn1_LBSPPBn1_LPAn1
_LPBn1_LDL1_LR2A1_LR2B1_LRVWn1_LW2A1_LW2B1_LWPMn1_LDW0_LT1_FMA_MIAV1_MTSM64_MTSM1_MDA2_MI16_16_16_1_MO40_MVN256_MMFSC_MKFGSU256_MVN0_NR0_NTA0_NTB0_NTC0_N
TD0_NEPBS0_NLCA1_NLCB1_ONLL0_OPLV1_PBD0_PFD1_PG2_PSD0_PSLn1_PWCn1_PWLn1_PK0_PKAB0_PAP0_PAPM0_PGR0_PLR0_PKA0_RK0_SGR0_SIA0_SLW0_SS1_SU0_SUM0_SUS256_SCIU0_
SCIUE0_SCIUI1_SCIUPL0_SPO0_SRVW0_SSO0_SVWn1_SK0_SKA0_SKXCCM0_SNLL0_TSGRA0_TSGRB0_TT4_128_TLDS0_UIIDU0_UMLDSA0_UMLDSB0_UMF0_U64SL1_UIOFGRO0_USFGROn1_VAWn1
_VSn1_VW1_VWBn1_VFLRP0_WSGRA0_WSGRB0_WS32_WG16_2_1_WGM8_WGMTB

reject: WMMA V2 (gfx12+) non-HPA half/bf16 accumulation is not supported: packed f16 accumulators cause numVgprPerValuC=0 in the store path. Use HighPrecisionAccumulate: True for f32 accumulation.
rejecting solution 
Cijk_Alik_Bljk_HB_MT64x128x16_MI16x16x16x1_SN_1LDSB0_APM1_AAIGTEn1_AAILTEn1_AAV0_ABV0_ACED0_AF0EM1_AF1EM1_AMASn1_ASE_ASGT_ASLT_ASM_ASAE_ASBE_ASCE_ASDE_AS
EM1_AAC0_BL1_BS1_CUM0_CDO0_CTDA0_CLR0_DSK0_DRA0_DU16_DULD1_DTLA0_DTLB0_DTVA0_DTVB0_DAF0_DKP0_DVO0_ETSP_EPS1_ELFLR0_EMLL0_FSSC10_F16AI0_F16AIR0_FL0_GLVWAn
1_GLVWBn1_GR2A1_GR2B1_GRCGA1_GRCGB1_GRCVA1_GRCVB1_GRPM1_GRVW4_GSU1_GSUASB_GSUAA0_GSUSARR1_GSUWGMRR0_GLS0_ISA1201_IU1_IA0_KLA_LEL0_LBSPPAn1_LBSPPBn1_LPAn1
_LPBn1_LDL1_LR2A1_LR2B1_LRVWn1_LW2A1_LW2B1_LWPMn1_LDW0_LT1_FMA_MIAV1_MTSM64_MTSM1_MDA2_MI16_16_16_1_MO40_MVN256_MMFSC_MKFGSU256_MVN0_NR0_NTA0_NTB0_NTC0_N
TD0_NEPBS0_NLCA1_NLCB1_ONLL0_OPLV1_PBD0_PFD1_PG2_PSD0_PSLn1_PWCn1_PWLn1_PK0_PKAB0_PAP0_PAPM0_PGR0_PLR0_PKA0_RK0_SGR0_SIA0_SLW0_SS1_SU0_SUM0_SUS256_SCIU0_
SCIUE0_SCIUI1_SCIUPL0_SPO0_SRVW0_SSO0_SVWn1_SK0_SKA0_SKXCCM0_SNLL0_TSGRA0_TSGRB0_TT4_128_TLDS0_UIIDU0_UMLDSA0_UMLDSB0_UMF0_U64SL1_UIOFGRO0_USFGROn1_VAWn1
_VSn1_VW1_VWBn1_VFLRP0_WSGRA1_WSGRB0_WS32_WG16_2_1_WGM8_WGMTB

reject: WMMA V2 (gfx12+) non-HPA half/bf16 accumulation is not supported: packed f16 accumulators cause numVgprPerValuC=0 in the store path. Use HighPrecisionAccumulate: True for f32 accumulation.
rejecting solution 
Cijk_Alik_Bljk_HB_MT64x128x16_MI16x16x16x1_SN_1LDSB0_APM1_AAIGTEn1_AAILTEn1_AAV0_ABV0_ACED0_AF0EM1_AF1EM1_AMASn1_ASE_ASGT_ASLT_ASM_ASAE_ASBE_ASCE_ASDE_AS
EM1_AAC0_BL1_BS1_CUM0_CDO0_CTDA0_CLR0_DSK0_DRA0_DU16_DULD1_DTLA0_DTLB0_DTVA0_DTVB0_DAF0_DKP0_DVO0_ETSP_EPS1_ELFLR0_EMLL0_FSSC10_F16AI0_F16AIR0_FL0_GLVWAn
1_GLVWBn1_GR2A1_GR2B1_GRCGA1_GRCGB1_GRCVA1_GRCVB1_GRPM1_GRVW4_GSU1_GSUASB_GSUAA0_GSUSARR1_GSUWGMRR0_GLS0_ISA1201_IU1_IA0_KLA_LEL0_LBSPPAn1_LBSPPBn1_LPAn1
_LPBn1_LDL1_LR2A1_LR2B1_LRVWn1_LW2A1_LW2B1_LWPMn1_LDW0_LT1_FMA_MIAV1_MTSM64_MTSM1_MDA2_MI16_16_16_1_MO40_MVN256_MMFSC_MKFGSU256_MVN0_NR0_NTA0_NTB0_NTC0_N
TD0_NEPBS0_NLCA1_NLCB1_ONLL0_OPLV1_PBD0_PFD1_PG2_PSD0_PSLn1_PWCn1_PWLn1_PK0_PKAB0_PAP0_PAPM0_PGR0_PLR0_PKA0_RK0_SGR0_SIA0_SLW0_SS1_SU0_SUM0_SUS256_SCIU0_
SCIUE0_SCIUI1_SCIUPL0_SPO0_SRVW0_SSO0_SVWn1_SK0_SKA0_SKXCCM0_SNLL0_TSGRA0_TSGRB0_TT4_128_TLDS0_UIIDU0_UMLDSA0_UMLDSB0_UMF0_U64SL1_UIOFGRO0_USFGROn1_VAWn1
_VSn1_VW1_VWBn1_VFLRP0_WSGRA0_WSGRB1_WS32_WG16_2_1_WGM8_WGMTB

reject: WMMA V2 (gfx12+) non-HPA half/bf16 accumulation is not supported: packed f16 accumulators cause numVgprPerValuC=0 in the store path. Use HighPrecisionAccumulate: True for f32 accumulation.
rejecting solution 
Cijk_Alik_Bljk_HB_MT64x128x16_MI16x16x16x1_SN_1LDSB0_APM1_AAIGTEn1_AAILTEn1_AAV0_ABV0_ACED0_AF0EM1_AF1EM1_AMASn1_ASE_ASGT_ASLT_ASM_ASAE_ASBE_ASCE_ASDE_AS
EM1_AAC0_BL1_BS1_CUM0_CDO0_CTDA0_CLR0_DSK0_DRA0_DU16_DULD1_DTLA0_DTLB0_DTVA0_DTVB0_DAF0_DKP0_DVO0_ETSP_EPS1_ELFLR0_EMLL0_FSSC10_F16AI0_F16AIR0_FL0_GLVWAn
1_GLVWBn1_GR2A1_GR2B1_GRCGA1_GRCGB1_GRCVA1_GRCVB1_GRPM1_GRVW4_GSU1_GSUASB_GSUAA0_GSUSARR1_GSUWGMRR0_GLS0_ISA1201_IU1_IA0_KLA_LEL0_LBSPPAn1_LBSPPBn1_LPAn1
_LPBn1_LDL1_LR2A1_LR2B1_LRVWn1_LW2A1_LW2B1_LWPMn1_LDW0_LT1_FMA_MIAV1_MTSM64_MTSM1_MDA2_MI16_16_16_1_MO40_MVN256_MMFSC_MKFGSU256_MVN0_NR0_NTA0_NTB0_NTC0_N
TD0_NEPBS0_NLCA1_NLCB1_ONLL0_OPLV1_PBD0_PFD1_PG2_PSD0_PSLn1_PWCn1_PWLn1_PK0_PKAB0_PAP0_PAPM0_PGR0_PLR0_PKA0_RK0_SGR0_SIA0_SLW0_SS1_SU0_SUM0_SUS256_SCIU0_
SCIUE0_SCIUI1_SCIUPL0_SPO0_SRVW0_SSO0_SVWn1_SK0_SKA0_SKXCCM0_SNLL0_TSGRA0_TSGRB0_TT4_128_TLDS0_UIIDU0_UMLDSA0_UMLDSB0_UMF0_U64SL1_UIOFGRO0_USFGROn1_VAWn1
_VSn1_VW1_VWBn1_VFLRP0_WSGRA1_WSGRB1_WS32_WG16_2_1_WGM8_WGMTB

reject: WMMA V2 (gfx12+) non-HPA half/bf16 accumulation is not supported: packed f16 accumulators cause numVgprPerValuC=0 in the store path. Use HighPrecisionAccumulate: True for f32 accumulation.
rejecting solution 
Cijk_Alik_Bljk_HB_MT64x128x16_MI16x16x16x1_SN_1LDSB0_APM1_AAIGTEn1_AAILTEn1_AAV0_ABV0_ACED0_AF0EM1_AF1EM1_AMASn1_ASE_ASGT_ASLT_ASM_ASAE_ASBE_ASCE_ASDE_AS
EM1_AAC0_BL1_BS1_CUM0_CDO0_CTDA0_CLR0_DSK0_DRA0_DU16_DULD1_DTLA0_DTLB0_DTVA0_DTVB0_DAF0_DKP0_DVO0_ETSP_EPS1_ELFLR0_EMLL0_FSSC10_F16AI0_F16AIR0_FL0_GLVWAn
1_GLVWBn1_GR2A1_GR2B1_GRCGA1_GRCGB1_GRCVA1_GRCVB1_GRPM1_GRVW4_GSU1_GSUASB_GSUAA0_GSUSARR1_GSUWGMRR0_GLS0_ISA1201_IU1_IA0_KLA_LEL0_LBSPPAn1_LBSPPBn1_LPAn1
_LPBn1_LDL1_LR2A1_LR2B1_LRVWn1_LW2A1_LW2B1_LWPMn1_LDW0_LT1_FMA_MIAV1_MTSM64_MTSM1_MDA2_MI16_16_16_1_MO40_MVN256_MMFSC_MKFGSU256_MVN0_NR0_NTA0_NTB0_NTC0_N
TD0_NEPBS0_NLCA1_NLCB1_ONLL0_OPLV1_PBD0_PFD1_PG2_PSD0_PSLn1_PWCn1_PWLn1_PK0_PKAB0_PAP0_PAPM0_PGR0_PLR0_PKA0_RK0_SGR0_SIA0_SLW0_SS1_SU16_SUM0_SUS256_SCIU0
_SCIUE0_SCIUI1_SCIUPL0_SPO0_SRVW0_SSO0_SVWn1_SK0_SKA0_SKXCCM0_SNLL0_TSGRA0_TSGRB0_TT4_128_TLDS0_UIIDU0_UMLDSA0_UMLDSB0_UMF0_U64SL1_UIOFGRO0_USFGROn1_VAWn
1_VSn1_VW1_VWBn1_VFLRP0_WSGRA0_WSGRB0_WS32_WG16_2_1_WGM8_WGMTB

reject: WMMA V2 (gfx12+) non-HPA half/bf16 accumulation is not supported: packed f16 accumulators cause numVgprPerValuC=0 in the store path. Use HighPrecisionAccumulate: True for f32 accumulation.
rejecting solution 
Cijk_Alik_Bljk_HB_MT64x128x16_MI16x16x16x1_SN_1LDSB0_APM1_AAIGTEn1_AAILTEn1_AAV0_ABV0_ACED0_AF0EM1_AF1EM1_AMASn1_ASE_ASGT_ASLT_ASM_ASAE_ASBE_ASCE_ASDE_AS
EM1_AAC0_BL1_BS1_CUM0_CDO0_CTDA0_CLR0_DSK0_DRA0_DU16_DULD1_DTLA0_DTLB0_DTVA0_DTVB0_DAF0_DKP0_DVO0_ETSP_EPS1_ELFLR0_EMLL0_FSSC10_F16AI0_F16AIR0_FL0_GLVWAn
1_GLVWBn1_GR2A1_GR2B1_GRCGA1_GRCGB1_GRCVA1_GRCVB1_GRPM1_GRVW4_GSU1_GSUASB_GSUAA0_GSUSARR1_GSUWGMRR0_GLS0_ISA1201_IU1_IA0_KLA_LEL0_LBSPPAn1_LBSPPBn1_LPAn1
_LPBn1_LDL1_LR2A1_LR2B1_LRVWn1_LW2A1_LW2B1_LWPMn1_LDW0_LT1_FMA_MIAV1_MTSM64_MTSM1_MDA2_MI16_16_16_1_MO40_MVN256_MMFSC_MKFGSU256_MVN0_NR0_NTA0_NTB0_NTC0_N
TD0_NEPBS0_NLCA1_NLCB1_ONLL0_OPLV1_PBD0_PFD1_PG2_PSD0_PSLn1_PWCn1_PWLn1_PK0_PKAB0_PAP0_PAPM0_PGR0_PLR0_PKA0_RK0_SGR0_SIA0_SLW0_SS1_SU16_SUM0_SUS256_SCIU0
_SCIUE0_SCIUI1_SCIUPL0_SPO0_SRVW0_SSO0_SVWn1_SK0_SKA0_SKXCCM0_SNLL0_TSGRA0_TSGRB0_TT4_128_TLDS0_UIIDU0_UMLDSA0_UMLDSB0_UMF0_U64SL1_UIOFGRO0_USFGROn1_VAWn
1_VSn1_VW1_VWBn1_VFLRP0_WSGRA1_WSGRB0_WS32_WG16_2_1_WGM8_WGMTB

reject: WMMA V2 (gfx12+) non-HPA half/bf16 accumulation is not supported: packed f16 accumulators cause numVgprPerValuC=0 in the store path. Use HighPrecisionAccumulate: True for f32 accumulation.
rejecting solution 
Cijk_Alik_Bljk_HB_MT64x128x16_MI16x16x16x1_SN_1LDSB0_APM1_AAIGTEn1_AAILTEn1_AAV0_ABV0_ACED0_AF0EM1_AF1EM1_AMASn1_ASE_ASGT_ASLT_ASM_ASAE_ASBE_ASCE_ASDE_AS
EM1_AAC0_BL1_BS1_CUM0_CDO0_CTDA0_CLR0_DSK0_DRA0_DU16_DULD1_DTLA0_DTLB0_DTVA0_DTVB0_DAF0_DKP0_DVO0_ETSP_EPS1_ELFLR0_EMLL0_FSSC10_F16AI0_F16AIR0_FL0_GLVWAn
1_GLVWBn1_GR2A1_GR2B1_GRCGA1_GRCGB1_GRCVA1_GRCVB1_GRPM1_GRVW4_GSU1_GSUASB_GSUAA0_GSUSARR1_GSUWGMRR0_GLS0_ISA1201_IU1_IA0_KLA_LEL0_LBSPPAn1_LBSPPBn1_LPAn1
_LPBn1_LDL1_LR2A1_LR2B1_LRVWn1_LW2A1_LW2B1_LWPMn1_LDW0_LT1_FMA_MIAV1_MTSM64_MTSM1_MDA2_MI16_16_16_1_MO40_MVN256_MMFSC_MKFGSU256_MVN0_NR0_NTA0_NTB0_NTC0_N
TD0_NEPBS0_NLCA1_NLCB1_ONLL0_OPLV1_PBD0_PFD1_PG2_PSD0_PSLn1_PWCn1_PWLn1_PK0_PKAB0_PAP0_PAPM0_PGR0_PLR0_PKA0_RK0_SGR0_SIA0_SLW0_SS1_SU16_SUM0_SUS256_SCIU0
_SCIUE0_SCIUI1_SCIUPL0_SPO0_SRVW0_SSO0_SVWn1_SK0_SKA0_SKXCCM0_SNLL0_TSGRA0_TSGRB0_TT4_128_TLDS0_UIIDU0_UMLDSA0_UMLDSB0_UMF0_U64SL1_UIOFGRO0_USFGROn1_VAWn
1_VSn1_VW1_VWBn1_VFLRP0_WSGRA0_WSGRB1_WS32_WG16_2_1_WGM8_WGMTB

reject: WMMA V2 (gfx12+) non-HPA half/bf16 accumulation is not supported: packed f16 accumulators cause numVgprPerValuC=0 in the store path. Use HighPrecisionAccumulate: True for f32 accumulation.
rejecting solution 
Cijk_Alik_Bljk_HB_MT64x128x16_MI16x16x16x1_SN_1LDSB0_APM1_AAIGTEn1_AAILTEn1_AAV0_ABV0_ACED0_AF0EM1_AF1EM1_AMASn1_ASE_ASGT_ASLT_ASM_ASAE_ASBE_ASCE_ASDE_AS
EM1_AAC0_BL1_BS1_CUM0_CDO0_CTDA0_CLR0_DSK0_DRA0_DU16_DULD1_DTLA0_DTLB0_DTVA0_DTVB0_DAF0_DKP0_DVO0_ETSP_EPS1_ELFLR0_EMLL0_FSSC10_F16AI0_F16AIR0_FL0_GLVWAn
1_GLVWBn1_GR2A1_GR2B1_GRCGA1_GRCGB1_GRCVA1_GRCVB1_GRPM1_GRVW4_GSU1_GSUASB_GSUAA0_GSUSARR1_GSUWGMRR0_GLS0_ISA1201_IU1_IA0_KLA_LEL0_LBSPPAn1_LBSPPBn1_LPAn1
_LPBn1_LDL1_LR2A1_LR2B1_LRVWn1_LW2A1_LW2B1_LWPMn1_LDW0_LT1_FMA_MIAV1_MTSM64_MTSM1_MDA2_MI16_16_16_1_MO40_MVN256_MMFSC_MKFGSU256_MVN0_NR0_NTA0_NTB0_NTC0_N
TD0_NEPBS0_NLCA1_NLCB1_ONLL0_OPLV1_PBD0_PFD1_PG2_PSD0_PSLn1_PWCn1_PWLn1_PK0_PKAB0_PAP0_PAPM0_PGR0_PLR0_PKA0_RK0_SGR0_SIA0_SLW0_SS1_SU16_SUM0_SUS256_SCIU0
_SCIUE0_SCIUI1_SCIUPL0_SPO0_SRVW0_SSO0_SVWn1_SK0_SKA0_SKXCCM0_SNLL0_TSGRA0_TSGRB0_TT4_128_TLDS0_UIIDU0_UMLDSA0_UMLDSB0_UMF0_U64SL1_UIOFGRO0_USFGROn1_VAWn
1_VSn1_VW1_VWBn1_VFLRP0_WSGRA1_WSGRB1_WS32_WG16_2_1_WGM8_WGMTB

reject: WMMA V2 (gfx12+) non-HPA half/bf16 accumulation is not supported: packed f16 accumulators cause numVgprPerValuC=0 in the store path. Use HighPrecisionAccumulate: True for f32 accumulation.
rejecting solution 
Cijk_Alik_Bljk_HB_MT128x64x16_MI16x16x16x1_SN_1LDSB0_APM1_AAIGTEn1_AAILTEn1_AAV0_ABV0_ACED0_AF0EM1_AF1EM1_AMASn1_ASE_ASGT_ASLT_ASM_ASAE_ASBE_ASCE_ASDE_AS
EM1_AAC0_BL1_BS1_CUM0_CDO0_CTDA0_CLR0_DSK0_DRA0_DU16_DULD1_DTLA0_DTLB0_DTVA0_DTVB0_DAF0_DKP0_DVO0_ETSP_EPS1_ELFLR0_EMLL0_FSSC10_F16AI0_F16AIR0_FL0_GLVWAn
1_GLVWBn1_GR2A1_GR2B1_GRCGA1_GRCGB1_GRCVA1_GRCVB1_GRPM1_GRVW4_GSU1_GSUASB_GSUAA0_GSUSARR1_GSUWGMRR0_GLS0_ISA1201_IU1_IA0_KLA_LEL0_LBSPPAn1_LBSPPBn1_LPAn1
_LPBn1_LDL1_LR2A1_LR2B1_LRVWn1_LW2A1_LW2B1_LWPMn1_LDW0_LT1_FMA_MIAV1_MTSM64_MTSM1_MDA2_MI16_16_16_1_MO40_MVN256_MMFSC_MKFGSU256_MVN0_NR0_NTA0_NTB0_NTC0_N
TD0_NEPBS0_NLCA1_NLCB1_ONLL0_OPLV1_PBD0_PFD1_PG2_PSD0_PSLn1_PWCn1_PWLn1_PK0_PKAB0_PAP0_PAPM0_PGR0_PLR0_PKA0_RK0_SGR0_SIA0_SLW0_SS1_SU0_SUM0_SUS256_SCIU0_
SCIUE0_SCIUI1_SCIUPL0_SPO0_SRVW0_SSO0_SVWn1_SK0_SKA0_SKXCCM0_SNLL0_TSGRA0_TSGRB0_TT8_64_TLDS0_UIIDU0_UMLDSA0_UMLDSB0_UMF0_U64SL1_UIOFGRO0_USFGROn1_VAWn1_
VSn1_VW1_VWBn1_VFLRP0_WSGRA0_WSGRB0_WS32_WG16_2_1_WGM8_WGMTB

reject: WMMA V2 (gfx12+) non-HPA half/bf16 accumulation is not supported: packed f16 accumulators cause numVgprPerValuC=0 in the store path. Use HighPrecisionAccumulate: True for f32 accumulation.
rejecting solution 
Cijk_Alik_Bljk_HB_MT128x64x16_MI16x16x16x1_SN_1LDSB0_APM1_AAIGTEn1_AAILTEn1_AAV0_ABV0_ACED0_AF0EM1_AF1EM1_AMASn1_ASE_ASGT_ASLT_ASM_ASAE_ASBE_ASCE_ASDE_AS
EM1_AAC0_BL1_BS1_CUM0_CDO0_CTDA0_CLR0_DSK0_DRA0_DU16_DULD1_DTLA0_DTLB0_DTVA0_DTVB0_DAF0_DKP0_DVO0_ETSP_EPS1_ELFLR0_EMLL0_FSSC10_F16AI0_F16AIR0_FL0_GLVWAn
1_GLVWBn1_GR2A1_GR2B1_GRCGA1_GRCGB1_GRCVA1_GRCVB1_GRPM1_GRVW4_GSU1_GSUASB_GSUAA0_GSUSARR1_GSUWGMRR0_GLS0_ISA1201_IU1_IA0_KLA_LEL0_LBSPPAn1_LBSPPBn1_LPAn1
_LPBn1_LDL1_LR2A1_LR2B1_LRVWn1_LW2A1_LW2B1_LWPMn1_LDW0_LT1_FMA_MIAV1_MTSM64_MTSM1_MDA2_MI16_16_16_1_MO40_MVN256_MMFSC_MKFGSU256_MVN0_NR0_NTA0_NTB0_NTC0_N
TD0_NEPBS0_NLCA1_NLCB1_ONLL0_OPLV1_PBD0_PFD1_PG2_PSD0_PSLn1_PWCn1_PWLn1_PK0_PKAB0_PAP0_PAPM0_PGR0_PLR0_PKA0_RK0_SGR0_SIA0_SLW0_SS1_SU0_SUM0_SUS256_SCIU0_
SCIUE0_SCIUI1_SCIUPL0_SPO0_SRVW0_SSO0_SVWn1_SK0_SKA0_SKXCCM0_SNLL0_TSGRA0_TSGRB0_TT8_64_TLDS0_UIIDU0_UMLDSA0_UMLDSB0_UMF0_U64SL1_UIOFGRO0_USFGROn1_VAWn1_
VSn1_VW1_VWBn1_VFLRP0_WSGRA1_WSGRB0_WS32_WG16_2_1_WGM8_WGMTB

reject: WMMA V2 (gfx12+) non-HPA half/bf16 accumulation is not supported: packed f16 accumulators cause numVgprPerValuC=0 in the store path. Use HighPrecisionAccumulate: True for f32 accumulation.
rejecting solution 
Cijk_Alik_Bljk_HB_MT128x64x16_MI16x16x16x1_SN_1LDSB0_APM1_AAIGTEn1_AAILTEn1_AAV0_ABV0_ACED0_AF0EM1_AF1EM1_AMASn1_ASE_ASGT_ASLT_ASM_ASAE_ASBE_ASCE_ASDE_AS
EM1_AAC0_BL1_BS1_CUM0_CDO0_CTDA0_CLR0_DSK0_DRA0_DU16_DULD1_DTLA0_DTLB0_DTVA0_DTVB0_DAF0_DKP0_DVO0_ETSP_EPS1_ELFLR0_EMLL0_FSSC10_F16AI0_F16AIR0_FL0_GLVWAn
1_GLVWBn1_GR2A1_GR2B1_GRCGA1_GRCGB1_GRCVA1_GRCVB1_GRPM1_GRVW4_GSU1_GSUASB_GSUAA0_GSUSARR1_GSUWGMRR0_GLS0_ISA1201_IU1_IA0_KLA_LEL0_LBSPPAn1_LBSPPBn1_LPAn1
_LPBn1_LDL1_LR2A1_LR2B1_LRVWn1_LW2A1_LW2B1_LWPMn1_LDW0_LT1_FMA_MIAV1_MTSM64_MTSM1_MDA2_MI16_16_16_1_MO40_MVN256_MMFSC_MKFGSU256_MVN0_NR0_NTA0_NTB0_NTC0_N
TD0_NEPBS0_NLCA1_NLCB1_ONLL0_OPLV1_PBD0_PFD1_PG2_PSD0_PSLn1_PWCn1_PWLn1_PK0_PKAB0_PAP0_PAPM0_PGR0_PLR0_PKA0_RK0_SGR0_SIA0_SLW0_SS1_SU0_SUM0_SUS256_SCIU0_
SCIUE0_SCIUI1_SCIUPL0_SPO0_SRVW0_SSO0_SVWn1_SK0_SKA0_SKXCCM0_SNLL0_TSGRA0_TSGRB0_TT8_64_TLDS0_UIIDU0_UMLDSA0_UMLDSB0_UMF0_U64SL1_UIOFGRO0_USFGROn1_VAWn1_
VSn1_VW1_VWBn1_VFLRP0_WSGRA0_WSGRB1_WS32_WG16_2_1_WGM8_WGMTB

reject: WMMA V2 (gfx12+) non-HPA half/bf16 accumulation is not supported: packed f16 accumulators cause numVgprPerValuC=0 in the store path. Use HighPrecisionAccumulate: True for f32 accumulation.
rejecting solution 
Cijk_Alik_Bljk_HB_MT128x64x16_MI16x16x16x1_SN_1LDSB0_APM1_AAIGTEn1_AAILTEn1_AAV0_ABV0_ACED0_AF0EM1_AF1EM1_AMASn1_ASE_ASGT_ASLT_ASM_ASAE_ASBE_ASCE_ASDE_AS
EM1_AAC0_BL1_BS1_CUM0_CDO0_CTDA0_CLR0_DSK0_DRA0_DU16_DULD1_DTLA0_DTLB0_DTVA0_DTVB0_DAF0_DKP0_DVO0_ETSP_EPS1_ELFLR0_EMLL0_FSSC10_F16AI0_F16AIR0_FL0_GLVWAn
1_GLVWBn1_GR2A1_GR2B1_GRCGA1_GRCGB1_GRCVA1_GRCVB1_GRPM1_GRVW4_GSU1_GSUASB_GSUAA0_GSUSARR1_GSUWGMRR0_GLS0_ISA1201_IU1_IA0_KLA_LEL0_LBSPPAn1_LBSPPBn1_LPAn1
_LPBn1_LDL1_LR2A1_LR2B1_LRVWn1_LW2A1_LW2B1_LWPMn1_LDW0_LT1_FMA_MIAV1_MTSM64_MTSM1_MDA2_MI16_16_16_1_MO40_MVN256_MMFSC_MKFGSU256_MVN0_NR0_NTA0_NTB0_NTC0_N
TD0_NEPBS0_NLCA1_NLCB1_ONLL0_OPLV1_PBD0_PFD1_PG2_PSD0_PSLn1_PWCn1_PWLn1_PK0_PKAB0_PAP0_PAPM0_PGR0_PLR0_PKA0_RK0_SGR0_SIA0_SLW0_SS1_SU0_SUM0_SUS256_SCIU0_
SCIUE0_SCIUI1_SCIUPL0_SPO0_SRVW0_SSO0_SVWn1_SK0_SKA0_SKXCCM0_SNLL0_TSGRA0_TSGRB0_TT8_64_TLDS0_UIIDU0_UMLDSA0_UMLDSB0_UMF0_U64SL1_UIOFGRO0_USFGROn1_VAWn1_
VSn1_VW1_VWBn1_VFLRP0_WSGRA1_WSGRB1_WS32_WG16_2_1_WGM8_WGMTB

reject: WMMA V2 (gfx12+) non-HPA half/bf16 accumulation is not supported: packed f16 accumulators cause numVgprPerValuC=0 in the store path. Use HighPrecisionAccumulate: True for f32 accumulation.
rejecting solution 
Cijk_Alik_Bljk_HB_MT128x64x16_MI16x16x16x1_SN_1LDSB0_APM1_AAIGTEn1_AAILTEn1_AAV0_ABV0_ACED0_AF0EM1_AF1EM1_AMASn1_ASE_ASGT_ASLT_ASM_ASAE_ASBE_ASCE_ASDE_AS
EM1_AAC0_BL1_BS1_CUM0_CDO0_CTDA0_CLR0_DSK0_DRA0_DU16_DULD1_DTLA0_DTLB0_DTVA0_DTVB0_DAF0_DKP0_DVO0_ETSP_EPS1_ELFLR0_EMLL0_FSSC10_F16AI0_F16AIR0_FL0_GLVWAn
1_GLVWBn1_GR2A1_GR2B1_GRCGA1_GRCGB1_GRCVA1_GRCVB1_GRPM1_GRVW4_GSU1_GSUASB_GSUAA0_GSUSARR1_GSUWGMRR0_GLS0_ISA1201_IU1_IA0_KLA_LEL0_LBSPPAn1_LBSPPBn1_LPAn1
_LPBn1_LDL1_LR2A1_LR2B1_LRVWn1_LW2A1_LW2B1_LWPMn1_LDW0_LT1_FMA_MIAV1_MTSM64_MTSM1_MDA2_MI16_16_16_1_MO40_MVN256_MMFSC_MKFGSU256_MVN0_NR0_NTA0_NTB0_NTC0_N
TD0_NEPBS0_NLCA1_NLCB1_ONLL0_OPLV1_PBD0_PFD1_PG2_PSD0_PSLn1_PWCn1_PWLn1_PK0_PKAB0_PAP0_PAPM0_PGR0_PLR0_PKA0_RK0_SGR0_SIA0_SLW0_SS1_SU16_SUM0_SUS256_SCIU0
_SCIUE0_SCIUI1_SCIUPL0_SPO0_SRVW0_SSO0_SVWn1_SK0_SKA0_SKXCCM0_SNLL0_TSGRA0_TSGRB0_TT8_64_TLDS0_UIIDU0_UMLDSA0_UMLDSB0_UMF0_U64SL1_UIOFGRO0_USFGROn1_VAWn1
_VSn1_VW1_VWBn1_VFLRP0_WSGRA0_WSGRB0_WS32_WG16_2_1_WGM8_WGMTB

reject: WMMA V2 (gfx12+) non-HPA half/bf16 accumulation is not supported: packed f16 accumulators cause numVgprPerValuC=0 in the store path. Use HighPrecisionAccumulate: True for f32 accumulation.
rejecting solution 
Cijk_Alik_Bljk_HB_MT128x64x16_MI16x16x16x1_SN_1LDSB0_APM1_AAIGTEn1_AAILTEn1_AAV0_ABV0_ACED0_AF0EM1_AF1EM1_AMASn1_ASE_ASGT_ASLT_ASM_ASAE_ASBE_ASCE_ASDE_AS
EM1_AAC0_BL1_BS1_CUM0_CDO0_CTDA0_CLR0_DSK0_DRA0_DU16_DULD1_DTLA0_DTLB0_DTVA0_DTVB0_DAF0_DKP0_DVO0_ETSP_EPS1_ELFLR0_EMLL0_FSSC10_F16AI0_F16AIR0_FL0_GLVWAn
1_GLVWBn1_GR2A1_GR2B1_GRCGA1_GRCGB1_GRCVA1_GRCVB1_GRPM1_GRVW4_GSU1_GSUASB_GSUAA0_GSUSARR1_GSUWGMRR0_GLS0_ISA1201_IU1_IA0_KLA_LEL0_LBSPPAn1_LBSPPBn1_LPAn1
_LPBn1_LDL1_LR2A1_LR2B1_LRVWn1_LW2A1_LW2B1_LWPMn1_LDW0_LT1_FMA_MIAV1_MTSM64_MTSM1_MDA2_MI16_16_16_1_MO40_MVN256_MMFSC_MKFGSU256_MVN0_NR0_NTA0_NTB0_NTC0_N
TD0_NEPBS0_NLCA1_NLCB1_ONLL0_OPLV1_PBD0_PFD1_PG2_PSD0_PSLn1_PWCn1_PWLn1_PK0_PKAB0_PAP0_PAPM0_PGR0_PLR0_PKA0_RK0_SGR0_SIA0_SLW0_SS1_SU16_SUM0_SUS256_SCIU0
_SCIUE0_SCIUI1_SCIUPL0_SPO0_SRVW0_SSO0_SVWn1_SK0_SKA0_SKXCCM0_SNLL0_TSGRA0_TSGRB0_TT8_64_TLDS0_UIIDU0_UMLDSA0_UMLDSB0_UMF0_U64SL1_UIOFGRO0_USFGROn1_VAWn1
_VSn1_VW1_VWBn1_VFLRP0_WSGRA1_WSGRB0_WS32_WG16_2_1_WGM8_WGMTB

reject: WMMA V2 (gfx12+) non-HPA half/bf16 accumulation is not supported: packed f16 accumulators cause numVgprPerValuC=0 in the store path. Use HighPrecisionAccumulate: True for f32 accumulation.
rejecting solution 
Cijk_Alik_Bljk_HB_MT128x64x16_MI16x16x16x1_SN_1LDSB0_APM1_AAIGTEn1_AAILTEn1_AAV0_ABV0_ACED0_AF0EM1_AF1EM1_AMASn1_ASE_ASGT_ASLT_ASM_ASAE_ASBE_ASCE_ASDE_AS
EM1_AAC0_BL1_BS1_CUM0_CDO0_CTDA0_CLR0_DSK0_DRA0_DU16_DULD1_DTLA0_DTLB0_DTVA0_DTVB0_DAF0_DKP0_DVO0_ETSP_EPS1_ELFLR0_EMLL0_FSSC10_F16AI0_F16AIR0_FL0_GLVWAn
1_GLVWBn1_GR2A1_GR2B1_GRCGA1_GRCGB1_GRCVA1_GRCVB1_GRPM1_GRVW4_GSU1_GSUASB_GSUAA0_GSUSARR1_GSUWGMRR0_GLS0_ISA1201_IU1_IA0_KLA_LEL0_LBSPPAn1_LBSPPBn1_LPAn1
_LPBn1_LDL1_LR2A1_LR2B1_LRVWn1_LW2A1_LW2B1_LWPMn1_LDW0_LT1_FMA_MIAV1_MTSM64_MTSM1_MDA2_MI16_16_16_1_MO40_MVN256_MMFSC_MKFGSU256_MVN0_NR0_NTA0_NTB0_NTC0_N
TD0_NEPBS0_NLCA1_NLCB1_ONLL0_OPLV1_PBD0_PFD1_PG2_PSD0_PSLn1_PWCn1_PWLn1_PK0_PKAB0_PAP0_PAPM0_PGR0_PLR0_PKA0_RK0_SGR0_SIA0_SLW0_SS1_SU16_SUM0_SUS256_SCIU0
_SCIUE0_SCIUI1_SCIUPL0_SPO0_SRVW0_SSO0_SVWn1_SK0_SKA0_SKXCCM0_SNLL0_TSGRA0_TSGRB0_TT8_64_TLDS0_UIIDU0_UMLDSA0_UMLDSB0_UMF0_U64SL1_UIOFGRO0_USFGROn1_VAWn1
_VSn1_VW1_VWBn1_VFLRP0_WSGRA0_WSGRB1_WS32_WG16_2_1_WGM8_WGMTB

reject: WMMA V2 (gfx12+) non-HPA half/bf16 accumulation is not supported: packed f16 accumulators cause numVgprPerValuC=0 in the store path. Use HighPrecisionAccumulate: True for f32 accumulation.
rejecting solution 
Cijk_Alik_Bljk_HB_MT128x64x16_MI16x16x16x1_SN_1LDSB0_APM1_AAIGTEn1_AAILTEn1_AAV0_ABV0_ACED0_AF0EM1_AF1EM1_AMASn1_ASE_ASGT_ASLT_ASM_ASAE_ASBE_ASCE_ASDE_AS
EM1_AAC0_BL1_BS1_CUM0_CDO0_CTDA0_CLR0_DSK0_DRA0_DU16_DULD1_DTLA0_DTLB0_DTVA0_DTVB0_DAF0_DKP0_DVO0_ETSP_EPS1_ELFLR0_EMLL0_FSSC10_F16AI0_F16AIR0_FL0_GLVWAn
1_GLVWBn1_GR2A1_GR2B1_GRCGA1_GRCGB1_GRCVA1_GRCVB1_GRPM1_GRVW4_GSU1_GSUASB_GSUAA0_GSUSARR1_GSUWGMRR0_GLS0_ISA1201_IU1_IA0_KLA_LEL0_LBSPPAn1_LBSPPBn1_LPAn1
_LPBn1_LDL1_LR2A1_LR2B1_LRVWn1_LW2A1_LW2B1_LWPMn1_LDW0_LT1_FMA_MIAV1_MTSM64_MTSM1_MDA2_MI16_16_16_1_MO40_MVN256_MMFSC_MKFGSU256_MVN0_NR0_NTA0_NTB0_NTC0_N
TD0_NEPBS0_NLCA1_NLCB1_ONLL0_OPLV1_PBD0_PFD1_PG2_PSD0_PSLn1_PWCn1_PWLn1_PK0_PKAB0_PAP0_PAPM0_PGR0_PLR0_PKA0_RK0_SGR0_SIA0_SLW0_SS1_SU16_SUM0_SUS256_SCIU0
_SCIUE0_SCIUI1_SCIUPL0_SPO0_SRVW0_SSO0_SVWn1_SK0_SKA0_SKXCCM0_SNLL0_TSGRA0_TSGRB0_TT8_64_TLDS0_UIIDU0_UMLDSA0_UMLDSB0_UMF0_U64SL1_UIOFGRO0_USFGROn1_VAWn1
_VSn1_VW1_VWBn1_VFLRP0_WSGRA1_WSGRB1_WS32_WG16_2_1_WGM8_WGMTB
# Actual Solutions: 0 / 64 after SolutionStructs

Your parameters resulted in 0 valid solutions.
Examine reject and backtrace messages above to see whyand where solutions were rejected.
